Archive member included to satisfy reference by file (symbol)

/usr/lib/gcc/arm-none-eabi/13.2.1/../../../arm-none-eabi/lib/thumb/v7e-m+fp/hard/libc_nano.a(libc_a-impure.o)
                              /home/mj/Desktop/IoT-Chat-Digitalization/blinky/bin/nrf52840dk/newlib_syscalls_default/syscalls.o (_impure_ptr)
/usr/lib/gcc/arm-none-eabi/13.2.1/../../../arm-none-eabi/lib/thumb/v7e-m+fp/hard/libc_nano.a(libc_a-init.o)
                              /home/mj/Desktop/IoT-Chat-Digitalization/blinky/bin/nrf52840dk/cortexm_common/vectors_cortexm.o (__libc_init_array)
/usr/lib/gcc/arm-none-eabi/13.2.1/../../../arm-none-eabi/lib/thumb/v7e-m+fp/hard/libc_nano.a(libc_a-puts.o)
                              /home/mj/Desktop/IoT-Chat-Digitalization/blinky/bin/nrf52840dk/core_lib/assert.o (puts)
/usr/lib/gcc/arm-none-eabi/13.2.1/../../../arm-none-eabi/lib/thumb/v7e-m+fp/hard/libc_nano.a(libc_a-findfp.o)
                              /home/mj/Desktop/IoT-Chat-Digitalization/blinky/bin/nrf52840dk/newlib_syscalls_default/syscalls.o (__sinit)
/usr/lib/gcc/arm-none-eabi/13.2.1/../../../arm-none-eabi/lib/thumb/v7e-m+fp/hard/libc_nano.a(libc_a-memset.o)
                              /home/mj/Desktop/IoT-Chat-Digitalization/blinky/bin/nrf52840dk/cortexm_common/vectors_cortexm.o (memset)
/usr/lib/gcc/arm-none-eabi/13.2.1/../../../arm-none-eabi/lib/thumb/v7e-m+fp/hard/libc_nano.a(libc_a-fflush.o)
                              /usr/lib/gcc/arm-none-eabi/13.2.1/../../../arm-none-eabi/lib/thumb/v7e-m+fp/hard/libc_nano.a(libc_a-findfp.o) (_fflush_r)
/usr/lib/gcc/arm-none-eabi/13.2.1/../../../arm-none-eabi/lib/thumb/v7e-m+fp/hard/libc_nano.a(libc_a-errno.o)
                              /home/mj/Desktop/IoT-Chat-Digitalization/blinky/bin/nrf52840dk/newlib_syscalls_default/syscalls.o (__errno)
/usr/lib/gcc/arm-none-eabi/13.2.1/../../../arm-none-eabi/lib/thumb/v7e-m+fp/hard/libc_nano.a(libc_a-realloc.o)
                              /home/mj/Desktop/IoT-Chat-Digitalization/blinky/bin/nrf52840dk/malloc_thread_safe/malloc_wrappers.o (realloc)
/usr/lib/gcc/arm-none-eabi/13.2.1/../../../arm-none-eabi/lib/thumb/v7e-m+fp/hard/libc_nano.a(libc_a-mstats.o)
                              /home/mj/Desktop/IoT-Chat-Digitalization/blinky/bin/nrf52840dk/newlib_syscalls_default/syscalls.o (mallinfo)
/usr/lib/gcc/arm-none-eabi/13.2.1/../../../arm-none-eabi/lib/thumb/v7e-m+fp/hard/libc_nano.a(libc_a-mallocr.o)
                              /usr/lib/gcc/arm-none-eabi/13.2.1/../../../arm-none-eabi/lib/thumb/v7e-m+fp/hard/libc_nano.a(libc_a-findfp.o) (_malloc_r)
/usr/lib/gcc/arm-none-eabi/13.2.1/../../../arm-none-eabi/lib/thumb/v7e-m+fp/hard/libc_nano.a(libc_a-freer.o)
                              /usr/lib/gcc/arm-none-eabi/13.2.1/../../../arm-none-eabi/lib/thumb/v7e-m+fp/hard/libc_nano.a(libc_a-fflush.o) (_free_r)
/usr/lib/gcc/arm-none-eabi/13.2.1/../../../arm-none-eabi/lib/thumb/v7e-m+fp/hard/libc_nano.a(libc_a-fwalk.o)
                              /usr/lib/gcc/arm-none-eabi/13.2.1/../../../arm-none-eabi/lib/thumb/v7e-m+fp/hard/libc_nano.a(libc_a-findfp.o) (_fwalk_sglue)
/usr/lib/gcc/arm-none-eabi/13.2.1/../../../arm-none-eabi/lib/thumb/v7e-m+fp/hard/libc_nano.a(libc_a-wsetup.o)
                              /usr/lib/gcc/arm-none-eabi/13.2.1/../../../arm-none-eabi/lib/thumb/v7e-m+fp/hard/libc_nano.a(libc_a-puts.o) (__swsetup_r)
/usr/lib/gcc/arm-none-eabi/13.2.1/../../../arm-none-eabi/lib/thumb/v7e-m+fp/hard/libc_nano.a(libc_a-memcpy.o)
                              /home/mj/Desktop/IoT-Chat-Digitalization/blinky/bin/nrf52840dk/core_lib/atomic_c11.o (memcpy)
/usr/lib/gcc/arm-none-eabi/13.2.1/../../../arm-none-eabi/lib/thumb/v7e-m+fp/hard/libc_nano.a(libc_a-malloc.o)
                              /home/mj/Desktop/IoT-Chat-Digitalization/blinky/bin/nrf52840dk/malloc_thread_safe/malloc_wrappers.o (malloc)
/usr/lib/gcc/arm-none-eabi/13.2.1/../../../arm-none-eabi/lib/thumb/v7e-m+fp/hard/libc_nano.a(libc_a-fprintf.o)
                              /usr/lib/gcc/arm-none-eabi/13.2.1/../../../arm-none-eabi/lib/thumb/v7e-m+fp/hard/libc_nano.a(libc_a-mstats.o) (fiprintf)
/usr/lib/gcc/arm-none-eabi/13.2.1/../../../arm-none-eabi/lib/thumb/v7e-m+fp/hard/libc_nano.a(libc_a-reallocr.o)
                              /usr/lib/gcc/arm-none-eabi/13.2.1/../../../arm-none-eabi/lib/thumb/v7e-m+fp/hard/libc_nano.a(libc_a-realloc.o) (_realloc_r)
/usr/lib/gcc/arm-none-eabi/13.2.1/../../../arm-none-eabi/lib/thumb/v7e-m+fp/hard/libc_nano.a(libc_a-mlock.o)
                              /usr/lib/gcc/arm-none-eabi/13.2.1/../../../arm-none-eabi/lib/thumb/v7e-m+fp/hard/libc_nano.a(libc_a-mallocr.o) (__malloc_lock)
/usr/lib/gcc/arm-none-eabi/13.2.1/../../../arm-none-eabi/lib/thumb/v7e-m+fp/hard/libc_nano.a(libc_a-makebuf.o)
                              /usr/lib/gcc/arm-none-eabi/13.2.1/../../../arm-none-eabi/lib/thumb/v7e-m+fp/hard/libc_nano.a(libc_a-wsetup.o) (__smakebuf_r)
[...]
Memory Configuration

Name             Origin             Length             Attributes
rom              0x00000000         0x00100000         xr
ram              0x20000000         0x00040000         w!xr
bkup_ram         0x00000000         0x00000000         w!xr
rom_aux          0x00100000         0x00000000         xr
*default*        0x00000000         0xffffffff

Linker script and memory map

LOAD /home/mj/Desktop/IoT-Chat-Digitalization/blinky/bin/nrf52840dk/application_blinky/main.o
LOAD /home/mj/Desktop/IoT-Chat-Digitalization/blinky/bin/nrf52840dk/auto_init/auto_init.o
LOAD /home/mj/Desktop/IoT-Chat-Digitalization/blinky/bin/nrf52840dk/board_common_init/board_common.o
LOAD /home/mj/Desktop/IoT-Chat-Digitalization/blinky/bin/nrf52840dk/board/mtd.o
LOAD /home/mj/Desktop/IoT-Chat-Digitalization/blinky/bin/nrf52840dk/core/cond.o
LOAD /home/mj/Desktop/IoT-Chat-Digitalization/blinky/bin/nrf52840dk/core_lib/assert.o
LOAD /home/mj/Desktop/IoT-Chat-Digitalization/blinky/bin/nrf52840dk/core_lib/atomic_c11.o
LOAD /home/mj/Desktop/IoT-Chat-Digitalization/blinky/bin/nrf52840dk/core_lib/atomic_sync.o
LOAD /home/mj/Desktop/IoT-Chat-Digitalization/blinky/bin/nrf52840dk/core_lib/bitarithm.o
LOAD /home/mj/Desktop/IoT-Chat-Digitalization/blinky/bin/nrf52840dk/core_lib/clist.o
LOAD /home/mj/Desktop/IoT-Chat-Digitalization/blinky/bin/nrf52840dk/core_lib/init.o
LOAD /home/mj/Desktop/IoT-Chat-Digitalization/blinky/bin/nrf52840dk/core_lib/panic.o
LOAD /home/mj/Desktop/IoT-Chat-Digitalization/blinky/bin/nrf52840dk/core_lib/priority_queue.o
LOAD /home/mj/Desktop/IoT-Chat-Digitalization/blinky/bin/nrf52840dk/core_lib/ringbuffer.o
LOAD /home/mj/Desktop/IoT-Chat-Digitalization/blinky/bin/nrf52840dk/core_lib/rmutex.o
LOAD /home/mj/Desktop/IoT-Chat-Digitalization/blinky/bin/nrf52840dk/core/msg.o
LOAD /home/mj/Desktop/IoT-Chat-Digitalization/blinky/bin/nrf52840dk/core/mutex.o
LOAD /home/mj/Desktop/IoT-Chat-Digitalization/blinky/bin/nrf52840dk/core/sched.o
LOAD /home/mj/Desktop/IoT-Chat-Digitalization/blinky/bin/nrf52840dk/core/thread.o
LOAD /home/mj/Desktop/IoT-Chat-Digitalization/blinky/bin/nrf52840dk/cortexm_common/cortexm_init.o
LOAD /home/mj/Desktop/IoT-Chat-Digitalization/blinky/bin/nrf52840dk/cortexm_common/mpu.o
LOAD /home/mj/Desktop/IoT-Chat-Digitalization/blinky/bin/nrf52840dk/cortexm_common/panic.o
LOAD /home/mj/Desktop/IoT-Chat-Digitalization/blinky/bin/nrf52840dk/cortexm_common_periph/pm.o
LOAD /home/mj/Desktop/IoT-Chat-Digitalization/blinky/bin/nrf52840dk/cortexm_common/thread_arch.o
LOAD /home/mj/Desktop/IoT-Chat-Digitalization/blinky/bin/nrf52840dk/cortexm_common/vectors_cortexm.o
LOAD /home/mj/Desktop/IoT-Chat-Digitalization/blinky/bin/nrf52840dk/cpu_common/clock.o
LOAD /home/mj/Desktop/IoT-Chat-Digitalization/blinky/bin/nrf52840dk/cpu/cpu.o
LOAD /home/mj/Desktop/IoT-Chat-Digitalization/blinky/bin/nrf52840dk/cpu/spi_twi_irq.o
LOAD /home/mj/Desktop/IoT-Chat-Digitalization/blinky/bin/nrf52840dk/div/div.o
LOAD /home/mj/Desktop/IoT-Chat-Digitalization/blinky/bin/nrf52840dk/frac/frac.o
LOAD /home/mj/Desktop/IoT-Chat-Digitalization/blinky/bin/nrf52840dk/libc/string.o
LOAD /home/mj/Desktop/IoT-Chat-Digitalization/blinky/bin/nrf52840dk/malloc_thread_safe/malloc_wrappers.o
LOAD /home/mj/Desktop/IoT-Chat-Digitalization/blinky/bin/nrf52840dk/newlib_syscalls_default/syscalls.o
LOAD /home/mj/Desktop/IoT-Chat-Digitalization/blinky/bin/nrf52840dk/nrf52_vectors/vectors_nrf52840xxaa.o
LOAD /home/mj/Desktop/IoT-Chat-Digitalization/blinky/bin/nrf52840dk/nrf5x_common_periph/gpio.o
LOAD /home/mj/Desktop/IoT-Chat-Digitalization/blinky/bin/nrf52840dk/nrf5x_common_periph/pm.o
LOAD /home/mj/Desktop/IoT-Chat-Digitalization/blinky/bin/nrf52840dk/nrf5x_common_periph/timer.o
LOAD /home/mj/Desktop/IoT-Chat-Digitalization/blinky/bin/nrf52840dk/nrf5x_common_periph/uart.o
LOAD /home/mj/Desktop/IoT-Chat-Digitalization/blinky/bin/nrf52840dk/periph_common/gpio.o
LOAD /home/mj/Desktop/IoT-Chat-Digitalization/blinky/bin/nrf52840dk/periph_common/init_leds.o
LOAD /home/mj/Desktop/IoT-Chat-Digitalization/blinky/bin/nrf52840dk/periph_common/init.o
LOAD /home/mj/Desktop/IoT-Chat-Digitalization/blinky/bin/nrf52840dk/periph_common/pm.o
LOAD /home/mj/Desktop/IoT-Chat-Digitalization/blinky/bin/nrf52840dk/periph_common/timer.o
LOAD /home/mj/Desktop/IoT-Chat-Digitalization/blinky/bin/nrf52840dk/stdio/stdio.o
LOAD /home/mj/Desktop/IoT-Chat-Digitalization/blinky/bin/nrf52840dk/stdio_uart/stdio_uart.o
LOAD /home/mj/Desktop/IoT-Chat-Digitalization/blinky/bin/nrf52840dk/ztimer_core/convert_frac.o
LOAD /home/mj/Desktop/IoT-Chat-Digitalization/blinky/bin/nrf52840dk/ztimer_core/convert.o
LOAD /home/mj/Desktop/IoT-Chat-Digitalization/blinky/bin/nrf52840dk/ztimer_core/convert_shift.o
LOAD /home/mj/Desktop/IoT-Chat-Digitalization/blinky/bin/nrf52840dk/ztimer_core/core.o
LOAD /home/mj/Desktop/IoT-Chat-Digitalization/blinky/bin/nrf52840dk/ztimer_core/init.o
LOAD /home/mj/Desktop/IoT-Chat-Digitalization/blinky/bin/nrf52840dk/ztimer_core/periodic.o
LOAD /home/mj/Desktop/IoT-Chat-Digitalization/blinky/bin/nrf52840dk/ztimer_core/periph_timer.o
LOAD /home/mj/Desktop/IoT-Chat-Digitalization/blinky/bin/nrf52840dk/ztimer_core/util.o
LOAD /usr/lib/gcc/arm-none-eabi/13.2.1/../../../arm-none-eabi/lib/thumb/v7e-m+fp/hard/libm.a
LOAD /usr/lib/gcc/arm-none-eabi/13.2.1/thumb/v7e-m+fp/hard/libgcc.a
                0x00000000                        _rom_start_addr = 0x0
                0x20000000                        _ram_start_addr = 0x20000000
                0x00100000                        _rom_length = 0x100000
                0x00040000                        _ram_length = 0x40000
LOAD /usr/lib/gcc/arm-none-eabi/13.2.1/../../../arm-none-eabi/lib/thumb/v7e-m+fp/hard/libc_nano.a
                0x00100000                        _slot_aux_offset = 0x100000
                0x00000000                        _slot_aux_len = 0x0
START GROUP
LOAD /usr/lib/gcc/arm-none-eabi/13.2.1/thumb/v7e-m+fp/hard/libgcc.a
LOAD /usr/lib/gcc/arm-none-eabi/13.2.1/../../../arm-none-eabi/lib/thumb/v7e-m+fp/hard/libg_nano.a
LOAD /usr/lib/gcc/arm-none-eabi/13.2.1/../../../arm-none-eabi/lib/thumb/v7e-m+fp/hard/libc_nano.a
END GROUP
START GROUP
LOAD /usr/lib/gcc/arm-none-eabi/13.2.1/thumb/v7e-m+fp/hard/libgcc.a
LOAD /usr/lib/gcc/arm-none-eabi/13.2.1/../../../arm-none-eabi/lib/thumb/v7e-m+fp/hard/libc_nano.a
END GROUP
                0x00000000                        _rom_offset = DEFINED (_rom_offset)?_rom_offset:0x0
                0x00000000                        _slot_aux_len = DEFINED (_slot_aux_len)?_slot_aux_len:0x0
                0x00100000                        _fw_rom_length = DEFINED (_fw_rom_length)?_fw_rom_length:((_rom_length - _rom_offset) - _slot_aux_len)
                0x00000001                        ASSERT ((_fw_rom_length <= ((_rom_length - _rom_offset) - _slot_aux_len)), Specified firmware size does not fit in ROM)
                0x00000001                        ASSERT ((_fw_rom_length <= _rom_length), Specified firmware size does not fit in ROM)
                0x00000000                        _backup_ram_start_addr = DEFINED (_backup_ram_start_addr)?_backup_ram_start_addr:0x0
                0x00000000                        _backup_ram_len = DEFINED (_backup_ram_len)?_backup_ram_len:0x0

.text           0x00000000     0x2f40
                0x00000000                        . = ALIGN (0x4)
                0x00000000                        _sfixed = .
                0x00000000                        _isr_vectors = DEFINED (_isr_vectors)?_isr_vectors:.
 *(SORT_BY_NAME(.vectors*))
 .vectors.0     0x00000000       0x40 /home/mj/Desktop/IoT-Chat-Digitalization/blinky/bin/nrf52840dk/cortexm_common/vectors_cortexm.o
                0x00000000                cortex_vector_base
 .vectors.1     0x00000040       0xc0 /home/mj/Desktop/IoT-Chat-Digitalization/blinky/bin/nrf52840dk/nrf52_vectors/vectors_nrf52840xxaa.o
                0x00000040                vector_cpu
 *(.text .text.* .gnu.linkonce.t.*)
 .text.startup.main
                0x00000100       0x10 /home/mj/Desktop/IoT-Chat-Digitalization/blinky/bin/nrf52840dk/application_blinky/main.o
                0x00000100                main
 .text.auto_init
                0x00000110       0x24 /home/mj/Desktop/IoT-Chat-Digitalization/blinky/bin/nrf52840dk/auto_init/auto_init.o
                0x00000110                auto_init
 .text.board_init
                0x00000134        0x2 /home/mj/Desktop/IoT-Chat-Digitalization/blinky/bin/nrf52840dk/board_common_init/board_common.o
                0x00000134                board_init
 *fill*         0x00000136        0x2 
 .text._assert_common
                0x00000138       0x28 /home/mj/Desktop/IoT-Chat-Digitalization/blinky/bin/nrf52840dk/core_lib/assert.o
 .text._assert_panic
                0x00000160       0x14 /home/mj/Desktop/IoT-Chat-Digitalization/blinky/bin/nrf52840dk/core_lib/assert.o
                0x00000160                _assert_panic
 .text.main_trampoline
                0x00000174       0x18 /home/mj/Desktop/IoT-Chat-Digitalization/blinky/bin/nrf52840dk/core_lib/init.o
 .text.kernel_init
                0x0000018c       0x34 /home/mj/Desktop/IoT-Chat-Digitalization/blinky/bin/nrf52840dk/core_lib/init.o
                0x0000018c                kernel_init
 .text.early_init
                0x000001c0        0xe /home/mj/Desktop/IoT-Chat-Digitalization/blinky/bin/nrf52840dk/core_lib/init.o
                0x000001c0                early_init
 .text.panic_app
                0x000001ce        0x2 /home/mj/Desktop/IoT-Chat-Digitalization/blinky/bin/nrf52840dk/core_lib/panic.o
                0x000001ce                panic_app
 .text.core_panic
                0x000001d0       0x3c /home/mj/Desktop/IoT-Chat-Digitalization/blinky/bin/nrf52840dk/core_lib/panic.o
                0x000001d0                core_panic
 .text._unschedule
                0x0000020c       0x30 /home/mj/Desktop/IoT-Chat-Digitalization/blinky/bin/nrf52840dk/core/sched.o
 .text.sched_run
                0x0000023c       0x7c /home/mj/Desktop/IoT-Chat-Digitalization/blinky/bin/nrf52840dk/core/sched.o
                0x0000023c                sched_run
 .text.sched_set_status
                0x000002b8       0x80 /home/mj/Desktop/IoT-Chat-Digitalization/blinky/bin/nrf52840dk/core/sched.o
                0x000002b8                sched_set_status
 .text.sched_switch
                0x00000338       0x3c /home/mj/Desktop/IoT-Chat-Digitalization/blinky/bin/nrf52840dk/core/sched.o
                0x00000338                sched_switch
 .text.sched_task_exit
                0x00000374       0x3c /home/mj/Desktop/IoT-Chat-Digitalization/blinky/bin/nrf52840dk/core/sched.o
                0x00000374                sched_task_exit
 .text.thread_getname
                0x000003b0       0x1c /home/mj/Desktop/IoT-Chat-Digitalization/blinky/bin/nrf52840dk/core/thread.o
                0x000003b0                thread_getname
 .text.thread_sleep
                0x000003cc       0x34 /home/mj/Desktop/IoT-Chat-Digitalization/blinky/bin/nrf52840dk/core/thread.o
                0x000003cc                thread_sleep
 .text.thread_create
                0x00000400       0xe8 /home/mj/Desktop/IoT-Chat-Digitalization/blinky/bin/nrf52840dk/core/thread.o
                0x00000400                thread_create
 .text.cortexm_init
                0x000004e8       0x40 /home/mj/Desktop/IoT-Chat-Digitalization/blinky/bin/nrf52840dk/cortexm_common/cortexm_init.o
                0x000004e8                cortexm_init
 .text.mpu_enable
                0x00000528       0x20 /home/mj/Desktop/IoT-Chat-Digitalization/blinky/bin/nrf52840dk/cortexm_common/mpu.o
                0x00000528                mpu_enable
 .text.mpu_configure
                0x00000548       0x20 /home/mj/Desktop/IoT-Chat-Digitalization/blinky/bin/nrf52840dk/cortexm_common/mpu.o
                0x00000548                mpu_configure
 .text.panic_arch
                0x00000568       0x2c /home/mj/Desktop/IoT-Chat-Digitalization/blinky/bin/nrf52840dk/cortexm_common/panic.o
                0x00000568                panic_arch
 .text.thread_stack_init
                0x00000594       0x68 /home/mj/Desktop/IoT-Chat-Digitalization/blinky/bin/nrf52840dk/cortexm_common/thread_arch.o
                0x00000594                thread_stack_init
 .text.cpu_switch_context_exit
                0x000005fc       0x2c /home/mj/Desktop/IoT-Chat-Digitalization/blinky/bin/nrf52840dk/cortexm_common/thread_arch.o
                0x000005fc                cpu_switch_context_exit
 .text.isr_pendsv
                0x00000628       0x4c /home/mj/Desktop/IoT-Chat-Digitalization/blinky/bin/nrf52840dk/cortexm_common/thread_arch.o
                0x00000628                isr_pendsv
 .text.isr_svc  0x00000674       0x10 /home/mj/Desktop/IoT-Chat-Digitalization/blinky/bin/nrf52840dk/cortexm_common/thread_arch.o
                0x00000674                isr_svc
 .text.sched_arch_idle
                0x00000684        0xc /home/mj/Desktop/IoT-Chat-Digitalization/blinky/bin/nrf52840dk/cortexm_common/thread_arch.o
                0x00000684                sched_arch_idle
 .text.hard_fault_default
                0x00000690       0x44 /home/mj/Desktop/IoT-Chat-Digitalization/blinky/bin/nrf52840dk/cortexm_common/vectors_cortexm.o
                0x00000690                hard_fault_default
 .text.nmi_handler
                0x000006d4       0x10 /home/mj/Desktop/IoT-Chat-Digitalization/blinky/bin/nrf52840dk/cortexm_common/vectors_cortexm.o
                0x000006d4                nmi_handler
 .text.mem_manage_default
                0x000006e4       0x10 /home/mj/Desktop/IoT-Chat-Digitalization/blinky/bin/nrf52840dk/cortexm_common/vectors_cortexm.o
                0x000006e4                mem_manage_default
 .text.bus_fault_default
                0x000006f4       0x10 /home/mj/Desktop/IoT-Chat-Digitalization/blinky/bin/nrf52840dk/cortexm_common/vectors_cortexm.o
                0x000006f4                bus_fault_default
 .text.usage_fault_default
                0x00000704       0x10 /home/mj/Desktop/IoT-Chat-Digitalization/blinky/bin/nrf52840dk/cortexm_common/vectors_cortexm.o
                0x00000704                usage_fault_default
 .text.debug_mon_default
                0x00000714       0x10 /home/mj/Desktop/IoT-Chat-Digitalization/blinky/bin/nrf52840dk/cortexm_common/vectors_cortexm.o
                0x00000714                debug_mon_default
 .text.dummy_handler_default
                0x00000724       0x10 /home/mj/Desktop/IoT-Chat-Digitalization/blinky/bin/nrf52840dk/cortexm_common/vectors_cortexm.o
                0x00000724                dummy_handler_default
                0x00000724                isr_systick
 .text.pre_startup
                0x00000734        0x2 /home/mj/Desktop/IoT-Chat-Digitalization/blinky/bin/nrf52840dk/cortexm_common/vectors_cortexm.o
                0x00000734                pre_startup
 .text.post_startup
                0x00000736        0x2 /home/mj/Desktop/IoT-Chat-Digitalization/blinky/bin/nrf52840dk/cortexm_common/vectors_cortexm.o
                0x00000736                post_startup
 .text.reset_handler_default
                0x00000738       0xac /home/mj/Desktop/IoT-Chat-Digitalization/blinky/bin/nrf52840dk/cortexm_common/vectors_cortexm.o
                0x00000738                reset_handler_default
 .text.hard_fault_handler
                0x000007e4      0x1c8 /home/mj/Desktop/IoT-Chat-Digitalization/blinky/bin/nrf52840dk/cortexm_common/vectors_cortexm.o
                0x000007e4                hard_fault_handler
 .text.clock_init_hf
                0x000009ac        0x2 /home/mj/Desktop/IoT-Chat-Digitalization/blinky/bin/nrf52840dk/cpu_common/clock.o
                0x000009ac                clock_init_hf
 .text.ftpan_32
                0x000009ae       0x36 /home/mj/Desktop/IoT-Chat-Digitalization/blinky/bin/nrf52840dk/cpu/cpu.o
 .text.cpu_init
                0x000009e4       0x74 /home/mj/Desktop/IoT-Chat-Digitalization/blinky/bin/nrf52840dk/cpu/cpu.o
                0x000009e4                cpu_init
 .text.cortexm_isr_end
                0x00000a58       0x1c /home/mj/Desktop/IoT-Chat-Digitalization/blinky/bin/nrf52840dk/cpu/spi_twi_irq.o
 .text.isr_spi0_twi0
                0x00000a74       0x1c /home/mj/Desktop/IoT-Chat-Digitalization/blinky/bin/nrf52840dk/cpu/spi_twi_irq.o
                0x00000a74                isr_spi0_twi0
 .text.isr_spi1_twi1
                0x00000a90       0x1c /home/mj/Desktop/IoT-Chat-Digitalization/blinky/bin/nrf52840dk/cpu/spi_twi_irq.o
                0x00000a90                isr_spi1_twi1
 .text.isr_spi2
                0x00000aac       0x1c /home/mj/Desktop/IoT-Chat-Digitalization/blinky/bin/nrf52840dk/cpu/spi_twi_irq.o
                0x00000aac                isr_spi2
 .text.isr_spi3
                0x00000ac8       0x1c /home/mj/Desktop/IoT-Chat-Digitalization/blinky/bin/nrf52840dk/cpu/spi_twi_irq.o
                0x00000ac8                isr_spi3
 .text._init    0x00000ae4        0xc /home/mj/Desktop/IoT-Chat-Digitalization/blinky/bin/nrf52840dk/newlib_syscalls_default/syscalls.o
                0x00000ae4                _init
 .text._fini    0x00000af0        0x2 /home/mj/Desktop/IoT-Chat-Digitalization/blinky/bin/nrf52840dk/newlib_syscalls_default/syscalls.o
                0x00000af0                _fini
 *fill*         0x00000af2        0x2 
 .text._sbrk_r  0x00000af4       0x3c /home/mj/Desktop/IoT-Chat-Digitalization/blinky/bin/nrf52840dk/newlib_syscalls_default/syscalls.o
                0x00000af4                _sbrk_r
 .text._read_r  0x00000b30        0x8 /home/mj/Desktop/IoT-Chat-Digitalization/blinky/bin/nrf52840dk/newlib_syscalls_default/syscalls.o
                0x00000b30                _read_r
 .text._write_r
                0x00000b38        0x8 /home/mj/Desktop/IoT-Chat-Digitalization/blinky/bin/nrf52840dk/newlib_syscalls_default/syscalls.o
                0x00000b38                _write_r
 .text._close_r
                0x00000b40        0xa /home/mj/Desktop/IoT-Chat-Digitalization/blinky/bin/nrf52840dk/newlib_syscalls_default/syscalls.o
                0x00000b40                _close_r
 .text._lseek_r
                0x00000b4a        0xa /home/mj/Desktop/IoT-Chat-Digitalization/blinky/bin/nrf52840dk/newlib_syscalls_default/syscalls.o
                0x00000b4a                _lseek_r
 .text._fstat_r
                0x00000b54        0xa /home/mj/Desktop/IoT-Chat-Digitalization/blinky/bin/nrf52840dk/newlib_syscalls_default/syscalls.o
                0x00000b54                _fstat_r
 .text._isatty_r
                0x00000b5e       0x10 /home/mj/Desktop/IoT-Chat-Digitalization/blinky/bin/nrf52840dk/newlib_syscalls_default/syscalls.o
                0x00000b5e                _isatty_r
 .text.dummy_handler
                0x00000b6e        0x4 /home/mj/Desktop/IoT-Chat-Digitalization/blinky/bin/nrf52840dk/nrf52_vectors/vectors_nrf52840xxaa.o
                0x00000b6e                isr_pwm1
                0x00000b6e                isr_lpcomp
                0x00000b6e                isr_timer0
                0x00000b6e                isr_radio
                0x00000b6e                isr_qspi
                0x00000b6e                isr_swi1
                0x00000b6e                isr_spi0
                0x00000b6e                isr_ccm_aar
                0x00000b6e                isr_swi5
                0x00000b6e                isr_pwm3
                0x00000b6e                isr_spi1_twi0
                0x00000b6e                isr_i2s
                0x00000b6e                isr_twi0
                0x00000b6e                isr_usbd
                0x00000b6e                dummy_handler
                0x00000b6e                isr_wdt
                0x00000b6e                isr_qdec
                0x00000b6e                isr_gpiote
                0x00000b6e                isr_rtc2
                0x00000b6e                isr_rtc0
                0x00000b6e                isr_swi2
                0x00000b6e                isr_cryptocell
                0x00000b6e                isr_pdm
                0x00000b6e                isr_swi4
                0x00000b6e                isr_nfct
                0x00000b6e                isr_pwm0
                0x00000b6e                isr_ecb
                0x00000b6e                isr_swi0
                0x00000b6e                isr_mwu
                0x00000b6e                isr_rtc1
                0x00000b6e                isr_fpu
                0x00000b6e                isr_rng
                0x00000b6e                isr_saadc
                0x00000b6e                isr_swi3
                0x00000b6e                isr_power_clock
                0x00000b6e                isr_pwm2
                0x00000b6e                isr_temp
 *fill*         0x00000b72        0x2 
 .text.gpio_init
                0x00000b74       0x3c /home/mj/Desktop/IoT-Chat-Digitalization/blinky/bin/nrf52840dk/nrf5x_common_periph/gpio.o
                0x00000b74                gpio_init
 .text.pm_off   0x00000bb0       0x18 /home/mj/Desktop/IoT-Chat-Digitalization/blinky/bin/nrf52840dk/nrf5x_common_periph/pm.o
                0x00000bb0                pm_off
 .text.irq_handler
                0x00000bc8       0x94 /home/mj/Desktop/IoT-Chat-Digitalization/blinky/bin/nrf52840dk/nrf5x_common_periph/timer.o
 .text.timer_init
                0x00000c5c       0x9c /home/mj/Desktop/IoT-Chat-Digitalization/blinky/bin/nrf52840dk/nrf5x_common_periph/timer.o
                0x00000c5c                timer_init
 .text.timer_clear
                0x00000cf8       0x58 /home/mj/Desktop/IoT-Chat-Digitalization/blinky/bin/nrf52840dk/nrf5x_common_periph/timer.o
                0x00000cf8                timer_clear
 .text.timer_read
                0x00000d50       0x20 /home/mj/Desktop/IoT-Chat-Digitalization/blinky/bin/nrf52840dk/nrf5x_common_periph/timer.o
                0x00000d50                timer_read
 .text.timer_set
                0x00000d70       0xb0 /home/mj/Desktop/IoT-Chat-Digitalization/blinky/bin/nrf52840dk/nrf5x_common_periph/timer.o
                0x00000d70                timer_set
 .text.isr_timer1
                0x00000e20        0x6 /home/mj/Desktop/IoT-Chat-Digitalization/blinky/bin/nrf52840dk/nrf5x_common_periph/timer.o
                0x00000e20                isr_timer1
 .text.isr_timer2
                0x00000e26        0x6 /home/mj/Desktop/IoT-Chat-Digitalization/blinky/bin/nrf52840dk/nrf5x_common_periph/timer.o
                0x00000e26                isr_timer2
 .text.isr_timer3
                0x00000e2c        0x6 /home/mj/Desktop/IoT-Chat-Digitalization/blinky/bin/nrf52840dk/nrf5x_common_periph/timer.o
                0x00000e2c                isr_timer3
 .text.isr_timer4
                0x00000e32        0x6 /home/mj/Desktop/IoT-Chat-Digitalization/blinky/bin/nrf52840dk/nrf5x_common_periph/timer.o
                0x00000e32                isr_timer4
 .text.irq_handler
                0x00000e38       0x54 /home/mj/Desktop/IoT-Chat-Digitalization/blinky/bin/nrf52840dk/nrf5x_common_periph/uart.o
 .text.uart_init
                0x00000e8c      0x1b8 /home/mj/Desktop/IoT-Chat-Digitalization/blinky/bin/nrf52840dk/nrf5x_common_periph/uart.o
                0x00000e8c                uart_init
 .text.uart_write
                0x00001044       0x94 /home/mj/Desktop/IoT-Chat-Digitalization/blinky/bin/nrf52840dk/nrf5x_common_periph/uart.o
                0x00001044                uart_write
 .text.isr_uart0
                0x000010d8        0x6 /home/mj/Desktop/IoT-Chat-Digitalization/blinky/bin/nrf52840dk/nrf5x_common_periph/uart.o
                0x000010d8                isr_uart0
 .text.isr_uarte1
                0x000010de        0x6 /home/mj/Desktop/IoT-Chat-Digitalization/blinky/bin/nrf52840dk/nrf5x_common_periph/uart.o
                0x000010de                isr_uarte1
 .text.led_init
                0x000010e4       0x48 /home/mj/Desktop/IoT-Chat-Digitalization/blinky/bin/nrf52840dk/periph_common/init_leds.o
                0x000010e4                led_init
 .text.periph_init
                0x0000112c        0x2 /home/mj/Desktop/IoT-Chat-Digitalization/blinky/bin/nrf52840dk/periph_common/init.o
                0x0000112c                periph_init
 .text.stdio_read
                0x0000112e        0x6 /home/mj/Desktop/IoT-Chat-Digitalization/blinky/bin/nrf52840dk/stdio/stdio.o
                0x0000112e                stdio_read
 .text.stdio_init
                0x00001134        0xe /home/mj/Desktop/IoT-Chat-Digitalization/blinky/bin/nrf52840dk/stdio_uart/stdio_uart.o
                0x00001134                stdio_init
 .text.stdio_write
                0x00001142       0x12 /home/mj/Desktop/IoT-Chat-Digitalization/blinky/bin/nrf52840dk/stdio_uart/stdio_uart.o
                0x00001142                stdio_write
 .text._now_next
                0x00001154       0x1c /home/mj/Desktop/IoT-Chat-Digitalization/blinky/bin/nrf52840dk/ztimer_core/core.o
 .text._ztimer_update
                0x00001170       0x28 /home/mj/Desktop/IoT-Chat-Digitalization/blinky/bin/nrf52840dk/ztimer_core/core.o
 .text._ztimer_now_extend
                0x00001198       0x38 /home/mj/Desktop/IoT-Chat-Digitalization/blinky/bin/nrf52840dk/ztimer_core/core.o
                0x00001198                _ztimer_now_extend
 .text.ztimer_now
                0x000011d0       0x10 /home/mj/Desktop/IoT-Chat-Digitalization/blinky/bin/nrf52840dk/ztimer_core/core.o
 .text._ztimer_update_head_offset
                0x000011e0       0x32 /home/mj/Desktop/IoT-Chat-Digitalization/blinky/bin/nrf52840dk/ztimer_core/core.o
 *fill*         0x00001212        0x2 
 .text.ztimer_handler
                0x00001214       0x94 /home/mj/Desktop/IoT-Chat-Digitalization/blinky/bin/nrf52840dk/ztimer_core/core.o
                0x00001214                ztimer_handler
 .text.ztimer_init
                0x000012a8       0x18 /home/mj/Desktop/IoT-Chat-Digitalization/blinky/bin/nrf52840dk/ztimer_core/init.o
                0x000012a8                ztimer_init
 .text._ztimer_periph_timer_callback
                0x000012c0        0x4 /home/mj/Desktop/IoT-Chat-Digitalization/blinky/bin/nrf52840dk/ztimer_core/periph_timer.o
 .text._ztimer_periph_timer_cancel
                0x000012c4        0x8 /home/mj/Desktop/IoT-Chat-Digitalization/blinky/bin/nrf52840dk/ztimer_core/periph_timer.o
 .text._ztimer_periph_timer_now
                0x000012cc        0x6 /home/mj/Desktop/IoT-Chat-Digitalization/blinky/bin/nrf52840dk/ztimer_core/periph_timer.o
 .text._ztimer_periph_timer_set
                0x000012d2       0x1e /home/mj/Desktop/IoT-Chat-Digitalization/blinky/bin/nrf52840dk/ztimer_core/periph_timer.o
 .text.ztimer_periph_timer_init
                0x000012f0       0x3c /home/mj/Desktop/IoT-Chat-Digitalization/blinky/bin/nrf52840dk/ztimer_core/periph_timer.o
                0x000012f0                ztimer_periph_timer_init
 .text          0x0000132c       0x50 /usr/lib/gcc/arm-none-eabi/13.2.1/../../../arm-none-eabi/lib/thumb/v7e-m+fp/hard/libc_nano.a(libc_a-init.o)
                0x0000132c                __libc_init_array
 .text          0x0000137c       0xa0 /usr/lib/gcc/arm-none-eabi/13.2.1/../../../arm-none-eabi/lib/thumb/v7e-m+fp/hard/libc_nano.a(libc_a-puts.o)
                0x0000137c                _puts_r
                0x0000140c                puts
 .text          0x0000141c      0x224 /usr/lib/gcc/arm-none-eabi/13.2.1/../../../arm-none-eabi/lib/thumb/v7e-m+fp/hard/libc_nano.a(libc_a-findfp.o)
                0x0000154c                __sfp
                0x000015f0                __sinit
                0x00001610                __sfp_lock_acquire
                0x00001614                __sfp_lock_release
                0x00001618                __fp_lock_all
                0x0000162c                __fp_unlock_all
 .text          0x00001640       0xa4 /usr/lib/gcc/arm-none-eabi/13.2.1/../../../arm-none-eabi/lib/thumb/v7e-m+fp/hard/libc_nano.a(libc_a-memset.o)
                0x00001640                memset
 .text          0x000016e4      0x1a8 /usr/lib/gcc/arm-none-eabi/13.2.1/../../../arm-none-eabi/lib/thumb/v7e-m+fp/hard/libc_nano.a(libc_a-fflush.o)
                0x000016e4                __sflush_r
                0x00001808                _fflush_r
                0x00001840                fflush
 .text          0x0000188c      0x148 /usr/lib/gcc/arm-none-eabi/13.2.1/../../../arm-none-eabi/lib/thumb/v7e-m+fp/hard/libc_nano.a(libc_a-mallocr.o)
                0x000018d4                _malloc_r
 .text          0x000019d4       0xbc /usr/lib/gcc/arm-none-eabi/13.2.1/../../../arm-none-eabi/lib/thumb/v7e-m+fp/hard/libc_nano.a(libc_a-freer.o)
                0x000019d4                _free_r
 .text          0x00001a90       0x44 /usr/lib/gcc/arm-none-eabi/13.2.1/../../../arm-none-eabi/lib/thumb/v7e-m+fp/hard/libc_nano.a(libc_a-fwalk.o)
                0x00001a90                _fwalk_sglue
 .text          0x00001ad4       0xc4 /usr/lib/gcc/arm-none-eabi/13.2.1/../../../arm-none-eabi/lib/thumb/v7e-m+fp/hard/libc_nano.a(libc_a-wsetup.o)
                0x00001ad4                __swsetup_r
 .text          0x00001b98      0x134 /usr/lib/gcc/arm-none-eabi/13.2.1/../../../arm-none-eabi/lib/thumb/v7e-m+fp/hard/libc_nano.a(libc_a-memcpy.o)
                0x00001b98                memcpy
 .text          0x00001ccc       0x64 /usr/lib/gcc/arm-none-eabi/13.2.1/../../../arm-none-eabi/lib/thumb/v7e-m+fp/hard/libc_nano.a(libc_a-reallocr.o)
                0x00001ccc                _realloc_r
 .text          0x00001d30        0x8 /usr/lib/gcc/arm-none-eabi/13.2.1/../../../arm-none-eabi/lib/thumb/v7e-m+fp/hard/libc_nano.a(libc_a-mlock.o)
                0x00001d30                __malloc_lock
                0x00001d34                __malloc_unlock
 .text          0x00001d38      0x114 /usr/lib/gcc/arm-none-eabi/13.2.1/../../../arm-none-eabi/lib/thumb/v7e-m+fp/hard/libc_nano.a(libc_a-makebuf.o)
                0x00001d38                __smakebuf_r
                0x00001dfc                __swhatbuf_r
 .text          0x00001e4c       0x48 /usr/lib/gcc/arm-none-eabi/13.2.1/../../../arm-none-eabi/lib/thumb/v7e-m+fp/hard/libc_nano.a(libc_a-printf.o)
                0x00001e4c                _printf_r
                0x00001e4c                _iprintf_r
                0x00001e6c                printf
                0x00001e6c                iprintf
 .text          0x00001e94      0x314 /usr/lib/gcc/arm-none-eabi/13.2.1/../../../arm-none-eabi/lib/thumb/v7e-m+fp/hard/libc_nano.a(libc_a-nano-vfprintf.o)
                0x00001ed0                __sfputs_r
                0x00001f00                __sprint_r
                0x00001f20                _vfiprintf_r
                0x00001f20                _vfprintf_r
                0x0000218c                vfiprintf
                0x0000218c                vfprintf
 .text          0x000021a8       0xa0 /usr/lib/gcc/arm-none-eabi/13.2.1/../../../arm-none-eabi/lib/thumb/v7e-m+fp/hard/libc_nano.a(libc_a-wbuf.o)
                0x000021a8                __swbuf_r
                0x00002230                __swbuf
 .text          0x00002248       0x94 /usr/lib/gcc/arm-none-eabi/13.2.1/../../../arm-none-eabi/lib/thumb/v7e-m+fp/hard/libc_nano.a(libc_a-stdio.o)
                0x00002248                __sread
                0x0000226c                __seofread
                0x00002270                __swrite
                0x000022b0                __sseek
                0x000022d4                __sclose
 .text          0x000022dc       0x10 /usr/lib/gcc/arm-none-eabi/13.2.1/../../../arm-none-eabi/lib/thumb/v7e-m+fp/hard/libc_nano.a(libc_a-msizer.o)
                0x000022dc                _malloc_usable_size_r
 .text          0x000022ec      0x300 /usr/lib/gcc/arm-none-eabi/13.2.1/../../../arm-none-eabi/lib/thumb/v7e-m+fp/hard/libc_nano.a(libc_a-fvwrite.o)
                0x000022ec                __sfvwrite_r
 .text          0x000025ec      0x100 /usr/lib/gcc/arm-none-eabi/13.2.1/../../../arm-none-eabi/lib/thumb/v7e-m+fp/hard/libc_nano.a(libc_a-memmove.o)
                0x000025ec                memmove
 *fill*         0x000026ec        0x4 
 .text          0x000026f0       0xa0 /usr/lib/gcc/arm-none-eabi/13.2.1/../../../arm-none-eabi/lib/thumb/v7e-m+fp/hard/libc_nano.a(libc_a-memchr.o)
                0x000026f0                memchr
 .text          0x00002790      0x3a8 /usr/lib/gcc/arm-none-eabi/13.2.1/../../../arm-none-eabi/lib/thumb/v7e-m+fp/hard/libc_nano.a(libc_a-nano-vfprintf_i.o)
                0x00002790                _printf_common
                0x000028b4                _printf_i
 *(.glue_7t)
 .glue_7t       0x00002b38        0x0 linker stubs
 *(.glue_7)
 .glue_7        0x00002b38        0x0 linker stubs
 *(.rodata .rodata* .gnu.linkonce.r.*)
 .rodata._assert_common.str1.1
                0x00002b38      0x37a /home/mj/Desktop/IoT-Chat-Digitalization/blinky/bin/nrf52840dk/core_lib/assert.o
                                 0x12 (size before relaxing)
 .rodata._assert_panic.str1.1
                0x00002eb2        0x9 /home/mj/Desktop/IoT-Chat-Digitalization/blinky/bin/nrf52840dk/core_lib/assert.o
 .rodata.main_trampoline.str1.1
                0x00002eb2       0x38 /home/mj/Desktop/IoT-Chat-Digitalization/blinky/bin/nrf52840dk/core_lib/init.o
 .rodata.kernel_init.str1.1
                0x00002eb2        0x5 /home/mj/Desktop/IoT-Chat-Digitalization/blinky/bin/nrf52840dk/core_lib/init.o
 .rodata.core_panic.str1.1
                0x00002eb2       0x29 /home/mj/Desktop/IoT-Chat-Digitalization/blinky/bin/nrf52840dk/core_lib/panic.o
 .rodata._unschedule.str1.1
                0x00002eb2       0x3e /home/mj/Desktop/IoT-Chat-Digitalization/blinky/bin/nrf52840dk/core/sched.o
 .rodata.panic_arch.str1.1
                0x00002eb2        0xf /home/mj/Desktop/IoT-Chat-Digitalization/blinky/bin/nrf52840dk/cortexm_common/panic.o
 .rodata.nmi_handler.str1.1
                0x00002eb2        0xc /home/mj/Desktop/IoT-Chat-Digitalization/blinky/bin/nrf52840dk/cortexm_common/vectors_cortexm.o
 .rodata.mem_manage_default.str1.1
                0x00002eb2       0x13 /home/mj/Desktop/IoT-Chat-Digitalization/blinky/bin/nrf52840dk/cortexm_common/vectors_cortexm.o
 .rodata.bus_fault_default.str1.1
                0x00002eb2       0x12 /home/mj/Desktop/IoT-Chat-Digitalization/blinky/bin/nrf52840dk/cortexm_common/vectors_cortexm.o
 .rodata.usage_fault_default.str1.1
                0x00002eb2       0x14 /home/mj/Desktop/IoT-Chat-Digitalization/blinky/bin/nrf52840dk/cortexm_common/vectors_cortexm.o
 .rodata.debug_mon_default.str1.1
                0x00002eb2       0x12 /home/mj/Desktop/IoT-Chat-Digitalization/blinky/bin/nrf52840dk/cortexm_common/vectors_cortexm.o
 .rodata.dummy_handler_default.str1.1
                0x00002eb2        0xe /home/mj/Desktop/IoT-Chat-Digitalization/blinky/bin/nrf52840dk/cortexm_common/vectors_cortexm.o
 .rodata.hard_fault_handler.str1.1
                0x00002eb2      0x247 /home/mj/Desktop/IoT-Chat-Digitalization/blinky/bin/nrf52840dk/cortexm_common/vectors_cortexm.o
 *fill*         0x00002eb2        0x2 
 .rodata.max_mask.0
                0x00002eb4       0x10 /home/mj/Desktop/IoT-Chat-Digitalization/blinky/bin/nrf52840dk/nrf5x_common_periph/timer.o
 .rodata.timer_config
                0x00002ec4       0x20 /home/mj/Desktop/IoT-Chat-Digitalization/blinky/bin/nrf52840dk/nrf5x_common_periph/timer.o
 .rodata.uart_config
                0x00002ee4       0x10 /home/mj/Desktop/IoT-Chat-Digitalization/blinky/bin/nrf52840dk/nrf5x_common_periph/uart.o
 .rodata._ztimer_periph_timer_ops
                0x00002ef4        0xc /home/mj/Desktop/IoT-Chat-Digitalization/blinky/bin/nrf52840dk/ztimer_core/periph_timer.o
 .rodata.str1.4
                0x00002f00       0x39 /usr/lib/gcc/arm-none-eabi/13.2.1/../../../arm-none-eabi/lib/thumb/v7e-m+fp/hard/libc_nano.a(libc_a-nano-vfprintf.o)
                                 0x13 (size before relaxing)
 .rodata.str1.4
                0x00002f39       0x25 /usr/lib/gcc/arm-none-eabi/13.2.1/../../../arm-none-eabi/lib/thumb/v7e-m+fp/hard/libc_nano.a(libc_a-nano-vfprintf_i.o)
 *(SORT_BY_NAME(.roxfa.*))
 *fill*         0x00002f39        0x3 
 .roxfa.auto_init_xfa.0_
                0x00002f3c        0x0 /home/mj/Desktop/IoT-Chat-Digitalization/blinky/bin/nrf52840dk/auto_init/auto_init.o
                0x00002f3c                auto_init_xfa
 .roxfa.auto_init_xfa.5_1010
                0x00002f3c        0x4 /home/mj/Desktop/IoT-Chat-Digitalization/blinky/bin/nrf52840dk/auto_init/auto_init.o
                0x00002f3c                auto_init_xfa_ztimer_init
 .roxfa.auto_init_xfa.9_
                0x00002f40        0x0 /home/mj/Desktop/IoT-Chat-Digitalization/blinky/bin/nrf52840dk/auto_init/auto_init.o
                0x00002f40                auto_init_xfa_end
 *(.ARM.extab* .gnu.linkonce.armextab.*)
                0x00002f40                        . = ALIGN (0x4)
 *(.init)
                0x00002f40                        . = ALIGN (0x4)
                0x00002f40                        __preinit_array_start = .
 *(.preinit_array)
                0x00002f40                        __preinit_array_end = .
                0x00002f40                        . = ALIGN (0x4)
                0x00002f40                        __init_array_start = .
 *(SORT_BY_NAME(.init_array.*))
 *(.init_array)
                0x00002f40                        __init_array_end = .
                0x00002f40                        . = ALIGN (0x4)
 *crtbegin.o(.ctors)
 *(EXCLUDE_FILE(*crtend.o) .ctors)
 *(SORT_BY_NAME(.ctors.*))
 *crtend.o(.ctors)
                0x00002f40                        . = ALIGN (0x4)
 *(.fini)
                0x00002f40                        . = ALIGN (0x4)
                0x00002f40                        __fini_array_start = .
 *(.fini_array)
 *(SORT_BY_NAME(.fini_array.*))
                0x00002f40                        __fini_array_end = .
 *crtbegin.o(.dtors)
 *(EXCLUDE_FILE(*crtend.o) .dtors)
 *(SORT_BY_NAME(.dtors.*))
 *crtend.o(.dtors)
                0x00002f40                        . = ALIGN (0x4)
                0x00002f40                        _efixed = .

.vfp11_veneer   0x00002f40        0x0
 .vfp11_veneer  0x00002f40        0x0 linker stubs

.v4_bx          0x00002f40        0x0
 .v4_bx         0x00002f40        0x0 linker stubs

.iplt           0x00002f40        0x0
 .iplt          0x00002f40        0x0 /home/mj/Desktop/IoT-Chat-Digitalization/blinky/bin/nrf52840dk/auto_init/auto_init.o

.igot.plt       0x00002f40        0x0
 .igot.plt      0x00002f40        0x0 /home/mj/Desktop/IoT-Chat-Digitalization/blinky/bin/nrf52840dk/auto_init/auto_init.o

.tdata          0x00002f40        0x0
                0x00002f40                        __tdata_start = .
 *(.tdata .tdata.* .gnu.linkonce.td.*)
                0x00002f40                        __tdata_end = .
                0x00002f40                        __tdata_source = LOADADDR (.tdata)
                0x00000000                        __tdata_size = SIZEOF (.tdata)

.tbss           0x00002f40        0x0
 *(.tbss .tbss.* .gnu.linkonce.tb.*)
 *(.tcommon)
                0x00002f40                        __tbss_end = .
                0x00000000                        __tls_size = (__tbss_end - __tdata_start)
                0x00000000                        __tbss_size = (__tls_size - __tdata_size)
                [!provide]                        PROVIDE (__tbss_offset = (ADDR (.tbss) - ADDR (.tdata)))
                [!provide]                        PROVIDE (__tls_align = MAX (ALIGNOF (.tdata), ALIGNOF (.tbss)))
                [!provide]                        PROVIDE (__arm32_tls_tcb_offset = MAX (0x8, __tls_align))
                [!provide]                        PROVIDE (__arm64_tls_tcb_offset = MAX (0x10, __tls_align))
                [!provide]                        PROVIDE (__exidx_start = .)

.ARM.exidx      0x00002f40        0x8
 *(.ARM.exidx* .gnu.linkonce.armexidx.*)
 .ARM.exidx     0x00002f40        0x8 /usr/lib/gcc/arm-none-eabi/13.2.1/../../../arm-none-eabi/lib/thumb/v7e-m+fp/hard/libc_nano.a(libc_a-memcpy.o)
 .ARM.exidx     0x00002f48        0x0 /usr/lib/gcc/arm-none-eabi/13.2.1/../../../arm-none-eabi/lib/thumb/v7e-m+fp/hard/libc_nano.a(libc_a-memchr.o)
                                  0x8 (size before relaxing)
                [!provide]                        PROVIDE (__exidx_end = .)
                0x00002f48                        . = ALIGN (0x4)

.eh_frame       0x00002f48       0x68
 *(.eh_frame)
 .eh_frame      0x00002f48       0x2c /usr/lib/gcc/arm-none-eabi/13.2.1/../../../arm-none-eabi/lib/thumb/v7e-m+fp/hard/libc_nano.a(libc_a-memcpy.o)
 .eh_frame      0x00002f74       0x3c /usr/lib/gcc/arm-none-eabi/13.2.1/../../../arm-none-eabi/lib/thumb/v7e-m+fp/hard/libc_nano.a(libc_a-memchr.o)
                                 0x50 (size before relaxing)

.rel.dyn        0x00002fb0        0x0
 .rel.iplt      0x00002fb0        0x0 /home/mj/Desktop/IoT-Chat-Digitalization/blinky/bin/nrf52840dk/auto_init/auto_init.o
                0x00002fb0                        . = ALIGN (0x4)
                0x00002fb0                        _etext = .

.stack          0x20000000      0x200
 *(.puf)
                0x20000000                        . = ALIGN (0x8)
                0x20000000                        _sstack = .
 *(.isr_stack)
 .isr_stack     0x20000000      0x200 /home/mj/Desktop/IoT-Chat-Digitalization/blinky/bin/nrf52840dk/cortexm_common/vectors_cortexm.o
                0x20000000                isr_stack
                0x20000200                        . = ALIGN (0x8)
                0x20000200                        _estack = .

.relocate       0x20000200       0x8c load address 0x00002fb0
                0x20000200                        . = ALIGN (0x4)
                0x20000200                        _srelocate = .
 *(.ramfunc .ramfunc.*)
 *(.data .data.*)
 .data.heap_top
                0x20000200        0x4 /home/mj/Desktop/IoT-Chat-Digitalization/blinky/bin/nrf52840dk/newlib_syscalls_default/syscalls.o
 .data._ztimer_periph_timer
                0x20000204       0x28 /home/mj/Desktop/IoT-Chat-Digitalization/blinky/bin/nrf52840dk/ztimer_core/init.o
 .data          0x2000022c       0x50 /usr/lib/gcc/arm-none-eabi/13.2.1/../../../arm-none-eabi/lib/thumb/v7e-m+fp/hard/libc_nano.a(libc_a-impure.o)
                0x2000022c                _impure_ptr
                0x20000230                _impure_data
 .data          0x2000027c        0xc /usr/lib/gcc/arm-none-eabi/13.2.1/../../../arm-none-eabi/lib/thumb/v7e-m+fp/hard/libc_nano.a(libc_a-findfp.o)
                0x2000027c                __sglue
 *(SORT_BY_NAME(.xfa.*))
 *(.openocd .openocd.*)
 .openocd       0x20000288        0x2 /home/mj/Desktop/IoT-Chat-Digitalization/blinky/bin/nrf52840dk/core/sched.o
                0x20000288                _tcb_name_offset
                0x20000289                max_threads
                0x2000028c                        . = ALIGN (0x4)
 *fill*         0x2000028a        0x2 
                0x2000028c                        _erelocate = .

.bss            0x2000028c      0x884 load address 0x0000303c
                0x2000028c                        . = ALIGN (0x4)
                0x2000028c                        _sbss = .
                0x2000028c                        _szero = .
 *(.bss .bss.*)
 .bss.main_stack
                0x2000028c      0x600 /home/mj/Desktop/IoT-Chat-Digitalization/blinky/bin/nrf52840dk/core_lib/init.o
 .bss.crashed   0x2000088c        0x4 /home/mj/Desktop/IoT-Chat-Digitalization/blinky/bin/nrf52840dk/core_lib/panic.o
 .bss.runqueue_bitcache
                0x20000890        0x4 /home/mj/Desktop/IoT-Chat-Digitalization/blinky/bin/nrf52840dk/core/sched.o
 .bss.sched_runqueues
                0x20000894       0x40 /home/mj/Desktop/IoT-Chat-Digitalization/blinky/bin/nrf52840dk/core/sched.o
                0x20000894                sched_runqueues
 .bss.sched_context_switch_request
                0x200008d4        0x4 /home/mj/Desktop/IoT-Chat-Digitalization/blinky/bin/nrf52840dk/core/sched.o
                0x200008d4                sched_context_switch_request
 .bss.sched_active_thread
                0x200008d8        0x4 /home/mj/Desktop/IoT-Chat-Digitalization/blinky/bin/nrf52840dk/core/sched.o
                0x200008d8                sched_active_thread
 .bss.sched_num_threads
                0x200008dc        0x4 /home/mj/Desktop/IoT-Chat-Digitalization/blinky/bin/nrf52840dk/core/sched.o
                0x200008dc                sched_num_threads
 .bss.sched_threads
                0x200008e0       0x84 /home/mj/Desktop/IoT-Chat-Digitalization/blinky/bin/nrf52840dk/core/sched.o
                0x200008e0                sched_threads
 .bss.sched_active_pid
                0x20000964        0x2 /home/mj/Desktop/IoT-Chat-Digitalization/blinky/bin/nrf52840dk/core/sched.o
                0x20000964                sched_active_pid
 *fill*         0x20000966        0x2 
 .bss._irq_arg  0x20000968       0x10 /home/mj/Desktop/IoT-Chat-Digitalization/blinky/bin/nrf52840dk/cpu/spi_twi_irq.o
 .bss._irq      0x20000978       0x10 /home/mj/Desktop/IoT-Chat-Digitalization/blinky/bin/nrf52840dk/cpu/spi_twi_irq.o
 .bss.ctx       0x20000988       0x30 /home/mj/Desktop/IoT-Chat-Digitalization/blinky/bin/nrf52840dk/nrf5x_common_periph/timer.o
 .bss.rx_buf    0x200009b8        0x2 /home/mj/Desktop/IoT-Chat-Digitalization/blinky/bin/nrf52840dk/nrf5x_common_periph/uart.o
 *fill*         0x200009ba        0x2 
 .bss.isr_ctx   0x200009bc       0x10 /home/mj/Desktop/IoT-Chat-Digitalization/blinky/bin/nrf52840dk/nrf5x_common_periph/uart.o
 .bss           0x200009cc      0x13c /usr/lib/gcc/arm-none-eabi/13.2.1/../../../arm-none-eabi/lib/thumb/v7e-m+fp/hard/libc_nano.a(libc_a-findfp.o)
                0x200009cc                __sf
                0x20000b04                __stdio_exit_handler
 .bss           0x20000b08        0x8 /usr/lib/gcc/arm-none-eabi/13.2.1/../../../arm-none-eabi/lib/thumb/v7e-m+fp/hard/libc_nano.a(libc_a-mallocr.o)
                0x20000b08                __malloc_sbrk_start
                0x20000b0c                __malloc_free_list
 *(COMMON)
                0x20000b10                        . = ALIGN (0x4)
                0x20000b10                        _ebss = .
                0x20000b10                        _ezero = .

.noinit         0x20000b10        0x0 load address 0x0000303c
                0x20000b10                        __noinit_start = .
 *(.noinit)
                0x20000b10                        . = ALIGN (0x4)
                0x20000b10                        __noinit_end = .
                0x20000b10                        . = ALIGN (0x4)
                0x20000b10                        _sheap = .
                0x20040000                        _eheap = (ORIGIN (ram) + LENGTH (ram))
                0x20000000                        _sram = ORIGIN (ram)
                0x20040000                        _eram = (ORIGIN (ram) + LENGTH (ram))
                0x0000303c                        _sbackup_data_load = LOADADDR (.backup.data)

.backup.data    0x00000000        0x0 load address 0x0000303c
                0x00000000                        _sbackup_data = .
 *(.backup.data)
                0x00000000                        _ebackup_data = .
                0x00000000                        . = ALIGN (0x4)

.backup.bss     0x00000000        0x0 load address 0x0000303c
                0x00000000                        _sbackup_bss = .
 *(.backup.bss)
                0x00000000                        _ebackup_bss = .
                0x00000000                        . = ALIGN (0x4)

.heap3          0x00000000        0x0 load address 0x0000303c
                0x00000000                        _sheap1 = .
                0x00000000                        _eheap1 = (ORIGIN (bkup_ram) + LENGTH (bkup_ram))

.flash_writable
 *(SORT_BY_NAME(.flash_writable.*))
OUTPUT(/home/mj/Desktop/IoT-Chat-Digitalization/blinky/bin/nrf52840dk/blinky.elf elf32-littlearm)
LOAD linker stubs

.debug_info     0x00000000    0x282b9
 .debug_info    0x00000000     0x15fa /home/mj/Desktop/IoT-Chat-Digitalization/blinky/bin/nrf52840dk/application_blinky/main.o
 .debug_info    0x000015fa      0x194 /home/mj/Desktop/IoT-Chat-Digitalization/blinky/bin/nrf52840dk/auto_init/auto_init.o
 .debug_info    0x0000178e     0x14ee /home/mj/Desktop/IoT-Chat-Digitalization/blinky/bin/nrf52840dk/board_common_init/board_common.o
 .debug_info    0x00002c7c      0x3dc /home/mj/Desktop/IoT-Chat-Digitalization/blinky/bin/nrf52840dk/core_lib/assert.o
 .debug_info    0x00003058      0x3de /home/mj/Desktop/IoT-Chat-Digitalization/blinky/bin/nrf52840dk/core_lib/init.o
 .debug_info    0x00003436      0x339 /home/mj/Desktop/IoT-Chat-Digitalization/blinky/bin/nrf52840dk/core_lib/panic.o
 .debug_info    0x0000376f     0x1170 /home/mj/Desktop/IoT-Chat-Digitalization/blinky/bin/nrf52840dk/core/sched.o
 .debug_info    0x000048df     0x14b8 /home/mj/Desktop/IoT-Chat-Digitalization/blinky/bin/nrf52840dk/core/thread.o
 .debug_info    0x00005d97      0x7de /home/mj/Desktop/IoT-Chat-Digitalization/blinky/bin/nrf52840dk/cortexm_common/cortexm_init.o
 .debug_info    0x00006575      0x40c /home/mj/Desktop/IoT-Chat-Digitalization/blinky/bin/nrf52840dk/cortexm_common/mpu.o
 .debug_info    0x00006981      0x237 /home/mj/Desktop/IoT-Chat-Digitalization/blinky/bin/nrf52840dk/cortexm_common/panic.o
 .debug_info    0x00006bb8      0xa13 /home/mj/Desktop/IoT-Chat-Digitalization/blinky/bin/nrf52840dk/cortexm_common/thread_arch.o
 .debug_info    0x000075cb      0xdc6 /home/mj/Desktop/IoT-Chat-Digitalization/blinky/bin/nrf52840dk/cortexm_common/vectors_cortexm.o
 .debug_info    0x00008391     0x19ce /home/mj/Desktop/IoT-Chat-Digitalization/blinky/bin/nrf52840dk/cpu_common/clock.o
 .debug_info    0x00009d5f     0x1cf4 /home/mj/Desktop/IoT-Chat-Digitalization/blinky/bin/nrf52840dk/cpu/cpu.o
 .debug_info    0x0000ba53     0x1383 /home/mj/Desktop/IoT-Chat-Digitalization/blinky/bin/nrf52840dk/cpu/spi_twi_irq.o
 .debug_info    0x0000cdd6     0x1380 /home/mj/Desktop/IoT-Chat-Digitalization/blinky/bin/nrf52840dk/newlib_syscalls_default/syscalls.o
 .debug_info    0x0000e156      0x187 /home/mj/Desktop/IoT-Chat-Digitalization/blinky/bin/nrf52840dk/nrf52_vectors/vectors_nrf52840xxaa.o
 .debug_info    0x0000e2dd     0x190e /home/mj/Desktop/IoT-Chat-Digitalization/blinky/bin/nrf52840dk/nrf5x_common_periph/gpio.o
 .debug_info    0x0000fbeb      0x4c1 /home/mj/Desktop/IoT-Chat-Digitalization/blinky/bin/nrf52840dk/nrf5x_common_periph/pm.o
 .debug_info    0x000100ac     0x2347 /home/mj/Desktop/IoT-Chat-Digitalization/blinky/bin/nrf52840dk/nrf5x_common_periph/timer.o
 .debug_info    0x000123f3     0x1feb /home/mj/Desktop/IoT-Chat-Digitalization/blinky/bin/nrf52840dk/nrf5x_common_periph/uart.o
 .debug_info    0x000143de     0x16b4 /home/mj/Desktop/IoT-Chat-Digitalization/blinky/bin/nrf52840dk/periph_common/init_leds.o
 .debug_info    0x00015a92     0x14fd /home/mj/Desktop/IoT-Chat-Digitalization/blinky/bin/nrf52840dk/periph_common/init.o
 .debug_info    0x00016f8f      0x299 /home/mj/Desktop/IoT-Chat-Digitalization/blinky/bin/nrf52840dk/stdio/stdio.o
 .debug_info    0x00017228     0x1798 /home/mj/Desktop/IoT-Chat-Digitalization/blinky/bin/nrf52840dk/stdio_uart/stdio_uart.o
 .debug_info    0x000189c0     0x1090 /home/mj/Desktop/IoT-Chat-Digitalization/blinky/bin/nrf52840dk/ztimer_core/core.o
 .debug_info    0x00019a50     0x1775 /home/mj/Desktop/IoT-Chat-Digitalization/blinky/bin/nrf52840dk/ztimer_core/init.o
 .debug_info    0x0001b1c5     0x1adf /home/mj/Desktop/IoT-Chat-Digitalization/blinky/bin/nrf52840dk/ztimer_core/periph_timer.o
 .debug_info    0x0001cca4      0x70b /usr/lib/gcc/arm-none-eabi/13.2.1/../../../arm-none-eabi/lib/thumb/v7e-m+fp/hard/libc_nano.a(libc_a-impure.o)
 .debug_info    0x0001d3af      0x10b /usr/lib/gcc/arm-none-eabi/13.2.1/../../../arm-none-eabi/lib/thumb/v7e-m+fp/hard/libc_nano.a(libc_a-init.o)
 .debug_info    0x0001d4ba      0x8f8 /usr/lib/gcc/arm-none-eabi/13.2.1/../../../arm-none-eabi/lib/thumb/v7e-m+fp/hard/libc_nano.a(libc_a-puts.o)
 .debug_info    0x0001ddb2      0xe8c /usr/lib/gcc/arm-none-eabi/13.2.1/../../../arm-none-eabi/lib/thumb/v7e-m+fp/hard/libc_nano.a(libc_a-findfp.o)
 .debug_info    0x0001ec3e      0x135 /usr/lib/gcc/arm-none-eabi/13.2.1/../../../arm-none-eabi/lib/thumb/v7e-m+fp/hard/libc_nano.a(libc_a-memset.o)
 .debug_info    0x0001ed73      0xa33 /usr/lib/gcc/arm-none-eabi/13.2.1/../../../arm-none-eabi/lib/thumb/v7e-m+fp/hard/libc_nano.a(libc_a-fflush.o)
 .debug_info    0x0001f7a6      0x9b6 /usr/lib/gcc/arm-none-eabi/13.2.1/../../../arm-none-eabi/lib/thumb/v7e-m+fp/hard/libc_nano.a(libc_a-mallocr.o)
 .debug_info    0x0002015c      0x87f /usr/lib/gcc/arm-none-eabi/13.2.1/../../../arm-none-eabi/lib/thumb/v7e-m+fp/hard/libc_nano.a(libc_a-freer.o)
 .debug_info    0x000209db      0x7c8 /usr/lib/gcc/arm-none-eabi/13.2.1/../../../arm-none-eabi/lib/thumb/v7e-m+fp/hard/libc_nano.a(libc_a-fwalk.o)
 .debug_info    0x000211a3      0x7b1 /usr/lib/gcc/arm-none-eabi/13.2.1/../../../arm-none-eabi/lib/thumb/v7e-m+fp/hard/libc_nano.a(libc_a-wsetup.o)
 .debug_info    0x00021954       0x33 /usr/lib/gcc/arm-none-eabi/13.2.1/../../../arm-none-eabi/lib/thumb/v7e-m+fp/hard/libc_nano.a(libc_a-memcpy.o)
 .debug_info    0x00021987      0x8cd /usr/lib/gcc/arm-none-eabi/13.2.1/../../../arm-none-eabi/lib/thumb/v7e-m+fp/hard/libc_nano.a(libc_a-reallocr.o)
 .debug_info    0x00022254      0x71c /usr/lib/gcc/arm-none-eabi/13.2.1/../../../arm-none-eabi/lib/thumb/v7e-m+fp/hard/libc_nano.a(libc_a-mlock.o)
 .debug_info    0x00022970      0xbe6 /usr/lib/gcc/arm-none-eabi/13.2.1/../../../arm-none-eabi/lib/thumb/v7e-m+fp/hard/libc_nano.a(libc_a-makebuf.o)
 .debug_info    0x00023556      0x837 /usr/lib/gcc/arm-none-eabi/13.2.1/../../../arm-none-eabi/lib/thumb/v7e-m+fp/hard/libc_nano.a(libc_a-printf.o)
 .debug_info    0x00023d8d     0x108a /usr/lib/gcc/arm-none-eabi/13.2.1/../../../arm-none-eabi/lib/thumb/v7e-m+fp/hard/libc_nano.a(libc_a-nano-vfprintf.o)
 .debug_info    0x00024e17      0x863 /usr/lib/gcc/arm-none-eabi/13.2.1/../../../arm-none-eabi/lib/thumb/v7e-m+fp/hard/libc_nano.a(libc_a-wbuf.o)
 .debug_info    0x0002567a      0xa80 /usr/lib/gcc/arm-none-eabi/13.2.1/../../../arm-none-eabi/lib/thumb/v7e-m+fp/hard/libc_nano.a(libc_a-stdio.o)
 .debug_info    0x000260fa      0x78a /usr/lib/gcc/arm-none-eabi/13.2.1/../../../arm-none-eabi/lib/thumb/v7e-m+fp/hard/libc_nano.a(libc_a-msizer.o)
 .debug_info    0x00026884      0xaf1 /usr/lib/gcc/arm-none-eabi/13.2.1/../../../arm-none-eabi/lib/thumb/v7e-m+fp/hard/libc_nano.a(libc_a-fvwrite.o)
 .debug_info    0x00027375      0x148 /usr/lib/gcc/arm-none-eabi/13.2.1/../../../arm-none-eabi/lib/thumb/v7e-m+fp/hard/libc_nano.a(libc_a-memmove.o)
 .debug_info    0x000274bd       0x25 /usr/lib/gcc/arm-none-eabi/13.2.1/../../../arm-none-eabi/lib/thumb/v7e-m+fp/hard/libc_nano.a(libc_a-memchr.o)
 .debug_info    0x000274e2      0xdd7 /usr/lib/gcc/arm-none-eabi/13.2.1/../../../arm-none-eabi/lib/thumb/v7e-m+fp/hard/libc_nano.a(libc_a-nano-vfprintf_i.o)

.debug_abbrev   0x00000000     0x81a2
 .debug_abbrev  0x00000000      0x1d4 /home/mj/Desktop/IoT-Chat-Digitalization/blinky/bin/nrf52840dk/application_blinky/main.o
 .debug_abbrev  0x000001d4      0x12f /home/mj/Desktop/IoT-Chat-Digitalization/blinky/bin/nrf52840dk/auto_init/auto_init.o
 .debug_abbrev  0x00000303      0x1c9 /home/mj/Desktop/IoT-Chat-Digitalization/blinky/bin/nrf52840dk/board_common_init/board_common.o
 .debug_abbrev  0x000004cc      0x253 /home/mj/Desktop/IoT-Chat-Digitalization/blinky/bin/nrf52840dk/core_lib/assert.o
 .debug_abbrev  0x0000071f      0x28b /home/mj/Desktop/IoT-Chat-Digitalization/blinky/bin/nrf52840dk/core_lib/init.o
 .debug_abbrev  0x000009aa      0x224 /home/mj/Desktop/IoT-Chat-Digitalization/blinky/bin/nrf52840dk/core_lib/panic.o
 .debug_abbrev  0x00000bce      0x4e3 /home/mj/Desktop/IoT-Chat-Digitalization/blinky/bin/nrf52840dk/core/sched.o
 .debug_abbrev  0x000010b1      0x50d /home/mj/Desktop/IoT-Chat-Digitalization/blinky/bin/nrf52840dk/core/thread.o
 .debug_abbrev  0x000015be      0x2f1 /home/mj/Desktop/IoT-Chat-Digitalization/blinky/bin/nrf52840dk/cortexm_common/cortexm_init.o
 .debug_abbrev  0x000018af      0x191 /home/mj/Desktop/IoT-Chat-Digitalization/blinky/bin/nrf52840dk/cortexm_common/mpu.o
 .debug_abbrev  0x00001a40      0x1c9 /home/mj/Desktop/IoT-Chat-Digitalization/blinky/bin/nrf52840dk/cortexm_common/panic.o
 .debug_abbrev  0x00001c09      0x48d /home/mj/Desktop/IoT-Chat-Digitalization/blinky/bin/nrf52840dk/cortexm_common/thread_arch.o
 .debug_abbrev  0x00002096      0x499 /home/mj/Desktop/IoT-Chat-Digitalization/blinky/bin/nrf52840dk/cortexm_common/vectors_cortexm.o
 .debug_abbrev  0x0000252f      0x2aa /home/mj/Desktop/IoT-Chat-Digitalization/blinky/bin/nrf52840dk/cpu_common/clock.o
 .debug_abbrev  0x000027d9      0x25b /home/mj/Desktop/IoT-Chat-Digitalization/blinky/bin/nrf52840dk/cpu/cpu.o
 .debug_abbrev  0x00002a34      0x3e9 /home/mj/Desktop/IoT-Chat-Digitalization/blinky/bin/nrf52840dk/cpu/spi_twi_irq.o
 .debug_abbrev  0x00002e1d      0x4c9 /home/mj/Desktop/IoT-Chat-Digitalization/blinky/bin/nrf52840dk/newlib_syscalls_default/syscalls.o
 .debug_abbrev  0x000032e6      0x14f /home/mj/Desktop/IoT-Chat-Digitalization/blinky/bin/nrf52840dk/nrf52_vectors/vectors_nrf52840xxaa.o
 .debug_abbrev  0x00003435      0x2b5 /home/mj/Desktop/IoT-Chat-Digitalization/blinky/bin/nrf52840dk/nrf5x_common_periph/gpio.o
 .debug_abbrev  0x000036ea      0x197 /home/mj/Desktop/IoT-Chat-Digitalization/blinky/bin/nrf52840dk/nrf5x_common_periph/pm.o
 .debug_abbrev  0x00003881      0x4d5 /home/mj/Desktop/IoT-Chat-Digitalization/blinky/bin/nrf52840dk/nrf5x_common_periph/timer.o
 .debug_abbrev  0x00003d56      0x4be /home/mj/Desktop/IoT-Chat-Digitalization/blinky/bin/nrf52840dk/nrf5x_common_periph/uart.o
 .debug_abbrev  0x00004214      0x21b /home/mj/Desktop/IoT-Chat-Digitalization/blinky/bin/nrf52840dk/periph_common/init_leds.o
 .debug_abbrev  0x0000442f      0x1e3 /home/mj/Desktop/IoT-Chat-Digitalization/blinky/bin/nrf52840dk/periph_common/init.o
 .debug_abbrev  0x00004612      0x1b5 /home/mj/Desktop/IoT-Chat-Digitalization/blinky/bin/nrf52840dk/stdio/stdio.o
 .debug_abbrev  0x000047c7      0x345 /home/mj/Desktop/IoT-Chat-Digitalization/blinky/bin/nrf52840dk/stdio_uart/stdio_uart.o
 .debug_abbrev  0x00004b0c      0x479 /home/mj/Desktop/IoT-Chat-Digitalization/blinky/bin/nrf52840dk/ztimer_core/core.o
 .debug_abbrev  0x00004f85      0x29e /home/mj/Desktop/IoT-Chat-Digitalization/blinky/bin/nrf52840dk/ztimer_core/init.o
 .debug_abbrev  0x00005223      0x3cd /home/mj/Desktop/IoT-Chat-Digitalization/blinky/bin/nrf52840dk/ztimer_core/periph_timer.o
 .debug_abbrev  0x000055f0      0x149 /usr/lib/gcc/arm-none-eabi/13.2.1/../../../arm-none-eabi/lib/thumb/v7e-m+fp/hard/libc_nano.a(libc_a-impure.o)
 .debug_abbrev  0x00005739       0xc9 /usr/lib/gcc/arm-none-eabi/13.2.1/../../../arm-none-eabi/lib/thumb/v7e-m+fp/hard/libc_nano.a(libc_a-init.o)
 .debug_abbrev  0x00005802      0x29c /usr/lib/gcc/arm-none-eabi/13.2.1/../../../arm-none-eabi/lib/thumb/v7e-m+fp/hard/libc_nano.a(libc_a-puts.o)
 .debug_abbrev  0x00005a9e      0x408 /usr/lib/gcc/arm-none-eabi/13.2.1/../../../arm-none-eabi/lib/thumb/v7e-m+fp/hard/libc_nano.a(libc_a-findfp.o)
 .debug_abbrev  0x00005ea6       0xb7 /usr/lib/gcc/arm-none-eabi/13.2.1/../../../arm-none-eabi/lib/thumb/v7e-m+fp/hard/libc_nano.a(libc_a-memset.o)
 .debug_abbrev  0x00005f5d      0x2e4 /usr/lib/gcc/arm-none-eabi/13.2.1/../../../arm-none-eabi/lib/thumb/v7e-m+fp/hard/libc_nano.a(libc_a-fflush.o)
 .debug_abbrev  0x00006241      0x24a /usr/lib/gcc/arm-none-eabi/13.2.1/../../../arm-none-eabi/lib/thumb/v7e-m+fp/hard/libc_nano.a(libc_a-mallocr.o)
 .debug_abbrev  0x0000648b      0x249 /usr/lib/gcc/arm-none-eabi/13.2.1/../../../arm-none-eabi/lib/thumb/v7e-m+fp/hard/libc_nano.a(libc_a-freer.o)
 .debug_abbrev  0x000066d4      0x19b /usr/lib/gcc/arm-none-eabi/13.2.1/../../../arm-none-eabi/lib/thumb/v7e-m+fp/hard/libc_nano.a(libc_a-fwalk.o)
 .debug_abbrev  0x0000686f      0x1e2 /usr/lib/gcc/arm-none-eabi/13.2.1/../../../arm-none-eabi/lib/thumb/v7e-m+fp/hard/libc_nano.a(libc_a-wsetup.o)
 .debug_abbrev  0x00006a51       0x28 /usr/lib/gcc/arm-none-eabi/13.2.1/../../../arm-none-eabi/lib/thumb/v7e-m+fp/hard/libc_nano.a(libc_a-memcpy.o)
 .debug_abbrev  0x00006a79      0x20c /usr/lib/gcc/arm-none-eabi/13.2.1/../../../arm-none-eabi/lib/thumb/v7e-m+fp/hard/libc_nano.a(libc_a-reallocr.o)
 .debug_abbrev  0x00006c85      0x192 /usr/lib/gcc/arm-none-eabi/13.2.1/../../../arm-none-eabi/lib/thumb/v7e-m+fp/hard/libc_nano.a(libc_a-mlock.o)
 .debug_abbrev  0x00006e17      0x29d /usr/lib/gcc/arm-none-eabi/13.2.1/../../../arm-none-eabi/lib/thumb/v7e-m+fp/hard/libc_nano.a(libc_a-makebuf.o)
 .debug_abbrev  0x000070b4      0x21a /usr/lib/gcc/arm-none-eabi/13.2.1/../../../arm-none-eabi/lib/thumb/v7e-m+fp/hard/libc_nano.a(libc_a-printf.o)
 .debug_abbrev  0x000072ce      0x36e /usr/lib/gcc/arm-none-eabi/13.2.1/../../../arm-none-eabi/lib/thumb/v7e-m+fp/hard/libc_nano.a(libc_a-nano-vfprintf.o)
 .debug_abbrev  0x0000763c      0x236 /usr/lib/gcc/arm-none-eabi/13.2.1/../../../arm-none-eabi/lib/thumb/v7e-m+fp/hard/libc_nano.a(libc_a-wbuf.o)
 .debug_abbrev  0x00007872      0x224 /usr/lib/gcc/arm-none-eabi/13.2.1/../../../arm-none-eabi/lib/thumb/v7e-m+fp/hard/libc_nano.a(libc_a-stdio.o)
 .debug_abbrev  0x00007a96      0x196 /usr/lib/gcc/arm-none-eabi/13.2.1/../../../arm-none-eabi/lib/thumb/v7e-m+fp/hard/libc_nano.a(libc_a-msizer.o)
 .debug_abbrev  0x00007c2c      0x21b /usr/lib/gcc/arm-none-eabi/13.2.1/../../../arm-none-eabi/lib/thumb/v7e-m+fp/hard/libc_nano.a(libc_a-fvwrite.o)
 .debug_abbrev  0x00007e47       0xc3 /usr/lib/gcc/arm-none-eabi/13.2.1/../../../arm-none-eabi/lib/thumb/v7e-m+fp/hard/libc_nano.a(libc_a-memmove.o)
 .debug_abbrev  0x00007f0a       0x14 /usr/lib/gcc/arm-none-eabi/13.2.1/../../../arm-none-eabi/lib/thumb/v7e-m+fp/hard/libc_nano.a(libc_a-memchr.o)
 .debug_abbrev  0x00007f1e      0x284 /usr/lib/gcc/arm-none-eabi/13.2.1/../../../arm-none-eabi/lib/thumb/v7e-m+fp/hard/libc_nano.a(libc_a-nano-vfprintf_i.o)

.debug_loclists
                0x00000000     0x524c
 .debug_loclists
                0x00000000       0x22 /home/mj/Desktop/IoT-Chat-Digitalization/blinky/bin/nrf52840dk/application_blinky/main.o
 .debug_loclists
                0x00000022       0x36 /home/mj/Desktop/IoT-Chat-Digitalization/blinky/bin/nrf52840dk/auto_init/auto_init.o
 .debug_loclists
                0x00000058       0x22 /home/mj/Desktop/IoT-Chat-Digitalization/blinky/bin/nrf52840dk/board_common_init/board_common.o
 .debug_loclists
                0x0000007a       0x8b /home/mj/Desktop/IoT-Chat-Digitalization/blinky/bin/nrf52840dk/core_lib/assert.o
 .debug_loclists
                0x00000105       0x3f /home/mj/Desktop/IoT-Chat-Digitalization/blinky/bin/nrf52840dk/core_lib/init.o
 .debug_loclists
                0x00000144       0x53 /home/mj/Desktop/IoT-Chat-Digitalization/blinky/bin/nrf52840dk/core_lib/panic.o
 .debug_loclists
                0x00000197      0x3a4 /home/mj/Desktop/IoT-Chat-Digitalization/blinky/bin/nrf52840dk/core/sched.o
 .debug_loclists
                0x0000053b      0x775 /home/mj/Desktop/IoT-Chat-Digitalization/blinky/bin/nrf52840dk/core/thread.o
 .debug_loclists
                0x00000cb0      0x12f /home/mj/Desktop/IoT-Chat-Digitalization/blinky/bin/nrf52840dk/cortexm_common/cortexm_init.o
 .debug_loclists
                0x00000ddf       0x79 /home/mj/Desktop/IoT-Chat-Digitalization/blinky/bin/nrf52840dk/cortexm_common/mpu.o
 .debug_loclists
                0x00000e58       0x43 /home/mj/Desktop/IoT-Chat-Digitalization/blinky/bin/nrf52840dk/cortexm_common/panic.o
 .debug_loclists
                0x00000e9b      0x1bf /home/mj/Desktop/IoT-Chat-Digitalization/blinky/bin/nrf52840dk/cortexm_common/thread_arch.o
 .debug_loclists
                0x0000105a      0x268 /home/mj/Desktop/IoT-Chat-Digitalization/blinky/bin/nrf52840dk/cortexm_common/vectors_cortexm.o
 .debug_loclists
                0x000012c2       0x90 /home/mj/Desktop/IoT-Chat-Digitalization/blinky/bin/nrf52840dk/cpu_common/clock.o
 .debug_loclists
                0x00001352       0x22 /home/mj/Desktop/IoT-Chat-Digitalization/blinky/bin/nrf52840dk/cpu/cpu.o
 .debug_loclists
                0x00001374      0x297 /home/mj/Desktop/IoT-Chat-Digitalization/blinky/bin/nrf52840dk/cpu/spi_twi_irq.o
 .debug_loclists
                0x0000160b      0x3c0 /home/mj/Desktop/IoT-Chat-Digitalization/blinky/bin/nrf52840dk/newlib_syscalls_default/syscalls.o
 .debug_loclists
                0x000019cb       0x22 /home/mj/Desktop/IoT-Chat-Digitalization/blinky/bin/nrf52840dk/nrf52_vectors/vectors_nrf52840xxaa.o
 .debug_loclists
                0x000019ed      0x136 /home/mj/Desktop/IoT-Chat-Digitalization/blinky/bin/nrf52840dk/nrf5x_common_periph/gpio.o
 .debug_loclists
                0x00001b23       0x47 /home/mj/Desktop/IoT-Chat-Digitalization/blinky/bin/nrf52840dk/nrf5x_common_periph/pm.o
 .debug_loclists
                0x00001b6a      0x57b /home/mj/Desktop/IoT-Chat-Digitalization/blinky/bin/nrf52840dk/nrf5x_common_periph/timer.o
 .debug_loclists
                0x000020e5      0x364 /home/mj/Desktop/IoT-Chat-Digitalization/blinky/bin/nrf52840dk/nrf5x_common_periph/uart.o
 .debug_loclists
                0x00002449       0x22 /home/mj/Desktop/IoT-Chat-Digitalization/blinky/bin/nrf52840dk/periph_common/init_leds.o
 .debug_loclists
                0x0000246b       0x22 /home/mj/Desktop/IoT-Chat-Digitalization/blinky/bin/nrf52840dk/periph_common/init.o
 .debug_loclists
                0x0000248d       0x3f /home/mj/Desktop/IoT-Chat-Digitalization/blinky/bin/nrf52840dk/stdio/stdio.o
 .debug_loclists
                0x000024cc       0xbb /home/mj/Desktop/IoT-Chat-Digitalization/blinky/bin/nrf52840dk/stdio_uart/stdio_uart.o
 .debug_loclists
                0x00002587      0x568 /home/mj/Desktop/IoT-Chat-Digitalization/blinky/bin/nrf52840dk/ztimer_core/core.o
 .debug_loclists
                0x00002aef       0x22 /home/mj/Desktop/IoT-Chat-Digitalization/blinky/bin/nrf52840dk/ztimer_core/init.o
 .debug_loclists
                0x00002b11      0x279 /home/mj/Desktop/IoT-Chat-Digitalization/blinky/bin/nrf52840dk/ztimer_core/periph_timer.o
 .debug_loclists
                0x00002d8a       0x65 /usr/lib/gcc/arm-none-eabi/13.2.1/../../../arm-none-eabi/lib/thumb/v7e-m+fp/hard/libc_nano.a(libc_a-init.o)
 .debug_loclists
                0x00002def      0x1f6 /usr/lib/gcc/arm-none-eabi/13.2.1/../../../arm-none-eabi/lib/thumb/v7e-m+fp/hard/libc_nano.a(libc_a-puts.o)
 .debug_loclists
                0x00002fe5      0x1d0 /usr/lib/gcc/arm-none-eabi/13.2.1/../../../arm-none-eabi/lib/thumb/v7e-m+fp/hard/libc_nano.a(libc_a-findfp.o)
 .debug_loclists
                0x000031b5      0x1c2 /usr/lib/gcc/arm-none-eabi/13.2.1/../../../arm-none-eabi/lib/thumb/v7e-m+fp/hard/libc_nano.a(libc_a-memset.o)
 .debug_loclists
                0x00003377      0x2f3 /usr/lib/gcc/arm-none-eabi/13.2.1/../../../arm-none-eabi/lib/thumb/v7e-m+fp/hard/libc_nano.a(libc_a-fflush.o)
 .debug_loclists
                0x0000366a      0x263 /usr/lib/gcc/arm-none-eabi/13.2.1/../../../arm-none-eabi/lib/thumb/v7e-m+fp/hard/libc_nano.a(libc_a-mallocr.o)
 .debug_loclists
                0x000038cd      0x164 /usr/lib/gcc/arm-none-eabi/13.2.1/../../../arm-none-eabi/lib/thumb/v7e-m+fp/hard/libc_nano.a(libc_a-freer.o)
 .debug_loclists
                0x00003a31       0x87 /usr/lib/gcc/arm-none-eabi/13.2.1/../../../arm-none-eabi/lib/thumb/v7e-m+fp/hard/libc_nano.a(libc_a-fwalk.o)
 .debug_loclists
                0x00003ab8       0x61 /usr/lib/gcc/arm-none-eabi/13.2.1/../../../arm-none-eabi/lib/thumb/v7e-m+fp/hard/libc_nano.a(libc_a-wsetup.o)
 .debug_loclists
                0x00003b19      0x102 /usr/lib/gcc/arm-none-eabi/13.2.1/../../../arm-none-eabi/lib/thumb/v7e-m+fp/hard/libc_nano.a(libc_a-reallocr.o)
 .debug_loclists
                0x00003c1b      0x1b4 /usr/lib/gcc/arm-none-eabi/13.2.1/../../../arm-none-eabi/lib/thumb/v7e-m+fp/hard/libc_nano.a(libc_a-makebuf.o)
 .debug_loclists
                0x00003dcf       0x3c /usr/lib/gcc/arm-none-eabi/13.2.1/../../../arm-none-eabi/lib/thumb/v7e-m+fp/hard/libc_nano.a(libc_a-printf.o)
 .debug_loclists
                0x00003e0b      0x5fd /usr/lib/gcc/arm-none-eabi/13.2.1/../../../arm-none-eabi/lib/thumb/v7e-m+fp/hard/libc_nano.a(libc_a-nano-vfprintf.o)
 .debug_loclists
                0x00004408      0x104 /usr/lib/gcc/arm-none-eabi/13.2.1/../../../arm-none-eabi/lib/thumb/v7e-m+fp/hard/libc_nano.a(libc_a-wbuf.o)
 .debug_loclists
                0x0000450c      0x23b /usr/lib/gcc/arm-none-eabi/13.2.1/../../../arm-none-eabi/lib/thumb/v7e-m+fp/hard/libc_nano.a(libc_a-stdio.o)
 .debug_loclists
                0x00004747       0x59 /usr/lib/gcc/arm-none-eabi/13.2.1/../../../arm-none-eabi/lib/thumb/v7e-m+fp/hard/libc_nano.a(libc_a-msizer.o)
 .debug_loclists
                0x000047a0      0x42a /usr/lib/gcc/arm-none-eabi/13.2.1/../../../arm-none-eabi/lib/thumb/v7e-m+fp/hard/libc_nano.a(libc_a-fvwrite.o)
 .debug_loclists
                0x00004bca      0x233 /usr/lib/gcc/arm-none-eabi/13.2.1/../../../arm-none-eabi/lib/thumb/v7e-m+fp/hard/libc_nano.a(libc_a-memmove.o)
 .debug_loclists
                0x00004dfd      0x44f /usr/lib/gcc/arm-none-eabi/13.2.1/../../../arm-none-eabi/lib/thumb/v7e-m+fp/hard/libc_nano.a(libc_a-nano-vfprintf_i.o)

.debug_aranges  0x00000000      0xb20
 .debug_aranges
                0x00000000       0x28 /home/mj/Desktop/IoT-Chat-Digitalization/blinky/bin/nrf52840dk/application_blinky/main.o
 .debug_aranges
                0x00000028       0x20 /home/mj/Desktop/IoT-Chat-Digitalization/blinky/bin/nrf52840dk/auto_init/auto_init.o
 .debug_aranges
                0x00000048       0x28 /home/mj/Desktop/IoT-Chat-Digitalization/blinky/bin/nrf52840dk/board_common_init/board_common.o
 .debug_aranges
                0x00000070       0x38 /home/mj/Desktop/IoT-Chat-Digitalization/blinky/bin/nrf52840dk/core_lib/assert.o
 .debug_aranges
                0x000000a8       0x38 /home/mj/Desktop/IoT-Chat-Digitalization/blinky/bin/nrf52840dk/core_lib/init.o
 .debug_aranges
                0x000000e0       0x38 /home/mj/Desktop/IoT-Chat-Digitalization/blinky/bin/nrf52840dk/core_lib/panic.o
 .debug_aranges
                0x00000118       0x50 /home/mj/Desktop/IoT-Chat-Digitalization/blinky/bin/nrf52840dk/core/sched.o
 .debug_aranges
                0x00000168       0x78 /home/mj/Desktop/IoT-Chat-Digitalization/blinky/bin/nrf52840dk/core/thread.o
 .debug_aranges
                0x000001e0       0x30 /home/mj/Desktop/IoT-Chat-Digitalization/blinky/bin/nrf52840dk/cortexm_common/cortexm_init.o
 .debug_aranges
                0x00000210       0x40 /home/mj/Desktop/IoT-Chat-Digitalization/blinky/bin/nrf52840dk/cortexm_common/mpu.o
 .debug_aranges
                0x00000250       0x28 /home/mj/Desktop/IoT-Chat-Digitalization/blinky/bin/nrf52840dk/cortexm_common/panic.o
 .debug_aranges
                0x00000278       0x68 /home/mj/Desktop/IoT-Chat-Digitalization/blinky/bin/nrf52840dk/cortexm_common/thread_arch.o
 .debug_aranges
                0x000002e0       0x78 /home/mj/Desktop/IoT-Chat-Digitalization/blinky/bin/nrf52840dk/cortexm_common/vectors_cortexm.o
 .debug_aranges
                0x00000358       0x48 /home/mj/Desktop/IoT-Chat-Digitalization/blinky/bin/nrf52840dk/cpu_common/clock.o
 .debug_aranges
                0x000003a0       0x30 /home/mj/Desktop/IoT-Chat-Digitalization/blinky/bin/nrf52840dk/cpu/cpu.o
 .debug_aranges
                0x000003d0       0x80 /home/mj/Desktop/IoT-Chat-Digitalization/blinky/bin/nrf52840dk/cpu/spi_twi_irq.o
 .debug_aranges
                0x00000450       0xc0 /home/mj/Desktop/IoT-Chat-Digitalization/blinky/bin/nrf52840dk/newlib_syscalls_default/syscalls.o
 .debug_aranges
                0x00000510       0x28 /home/mj/Desktop/IoT-Chat-Digitalization/blinky/bin/nrf52840dk/nrf52_vectors/vectors_nrf52840xxaa.o
 .debug_aranges
                0x00000538       0x50 /home/mj/Desktop/IoT-Chat-Digitalization/blinky/bin/nrf52840dk/nrf5x_common_periph/gpio.o
 .debug_aranges
                0x00000588       0x28 /home/mj/Desktop/IoT-Chat-Digitalization/blinky/bin/nrf52840dk/nrf5x_common_periph/pm.o
 .debug_aranges
                0x000005b0       0xa0 /home/mj/Desktop/IoT-Chat-Digitalization/blinky/bin/nrf52840dk/nrf5x_common_periph/timer.o
 .debug_aranges
                0x00000650       0x60 /home/mj/Desktop/IoT-Chat-Digitalization/blinky/bin/nrf52840dk/nrf5x_common_periph/uart.o
 .debug_aranges
                0x000006b0       0x28 /home/mj/Desktop/IoT-Chat-Digitalization/blinky/bin/nrf52840dk/periph_common/init_leds.o
 .debug_aranges
                0x000006d8       0x28 /home/mj/Desktop/IoT-Chat-Digitalization/blinky/bin/nrf52840dk/periph_common/init.o
 .debug_aranges
                0x00000700       0x28 /home/mj/Desktop/IoT-Chat-Digitalization/blinky/bin/nrf52840dk/stdio/stdio.o
 .debug_aranges
                0x00000728       0x38 /home/mj/Desktop/IoT-Chat-Digitalization/blinky/bin/nrf52840dk/stdio_uart/stdio_uart.o
 .debug_aranges
                0x00000760       0x78 /home/mj/Desktop/IoT-Chat-Digitalization/blinky/bin/nrf52840dk/ztimer_core/core.o
 .debug_aranges
                0x000007d8       0x28 /home/mj/Desktop/IoT-Chat-Digitalization/blinky/bin/nrf52840dk/ztimer_core/init.o
 .debug_aranges
                0x00000800       0x48 /home/mj/Desktop/IoT-Chat-Digitalization/blinky/bin/nrf52840dk/ztimer_core/periph_timer.o
 .debug_aranges
                0x00000848       0x18 /usr/lib/gcc/arm-none-eabi/13.2.1/../../../arm-none-eabi/lib/thumb/v7e-m+fp/hard/libc_nano.a(libc_a-impure.o)
 .debug_aranges
                0x00000860       0x20 /usr/lib/gcc/arm-none-eabi/13.2.1/../../../arm-none-eabi/lib/thumb/v7e-m+fp/hard/libc_nano.a(libc_a-init.o)
 .debug_aranges
                0x00000880       0x20 /usr/lib/gcc/arm-none-eabi/13.2.1/../../../arm-none-eabi/lib/thumb/v7e-m+fp/hard/libc_nano.a(libc_a-puts.o)
 .debug_aranges
                0x000008a0       0x20 /usr/lib/gcc/arm-none-eabi/13.2.1/../../../arm-none-eabi/lib/thumb/v7e-m+fp/hard/libc_nano.a(libc_a-findfp.o)
 .debug_aranges
                0x000008c0       0x20 /usr/lib/gcc/arm-none-eabi/13.2.1/../../../arm-none-eabi/lib/thumb/v7e-m+fp/hard/libc_nano.a(libc_a-memset.o)
 .debug_aranges
                0x000008e0       0x20 /usr/lib/gcc/arm-none-eabi/13.2.1/../../../arm-none-eabi/lib/thumb/v7e-m+fp/hard/libc_nano.a(libc_a-fflush.o)
 .debug_aranges
                0x00000900       0x20 /usr/lib/gcc/arm-none-eabi/13.2.1/../../../arm-none-eabi/lib/thumb/v7e-m+fp/hard/libc_nano.a(libc_a-mallocr.o)
 .debug_aranges
                0x00000920       0x20 /usr/lib/gcc/arm-none-eabi/13.2.1/../../../arm-none-eabi/lib/thumb/v7e-m+fp/hard/libc_nano.a(libc_a-freer.o)
 .debug_aranges
                0x00000940       0x20 /usr/lib/gcc/arm-none-eabi/13.2.1/../../../arm-none-eabi/lib/thumb/v7e-m+fp/hard/libc_nano.a(libc_a-fwalk.o)
 .debug_aranges
                0x00000960       0x20 /usr/lib/gcc/arm-none-eabi/13.2.1/../../../arm-none-eabi/lib/thumb/v7e-m+fp/hard/libc_nano.a(libc_a-wsetup.o)
 .debug_aranges
                0x00000980       0x20 /usr/lib/gcc/arm-none-eabi/13.2.1/../../../arm-none-eabi/lib/thumb/v7e-m+fp/hard/libc_nano.a(libc_a-memcpy.o)
 .debug_aranges
                0x000009a0       0x20 /usr/lib/gcc/arm-none-eabi/13.2.1/../../../arm-none-eabi/lib/thumb/v7e-m+fp/hard/libc_nano.a(libc_a-reallocr.o)
 .debug_aranges
                0x000009c0       0x20 /usr/lib/gcc/arm-none-eabi/13.2.1/../../../arm-none-eabi/lib/thumb/v7e-m+fp/hard/libc_nano.a(libc_a-mlock.o)
 .debug_aranges
                0x000009e0       0x20 /usr/lib/gcc/arm-none-eabi/13.2.1/../../../arm-none-eabi/lib/thumb/v7e-m+fp/hard/libc_nano.a(libc_a-makebuf.o)
 .debug_aranges
                0x00000a00       0x20 /usr/lib/gcc/arm-none-eabi/13.2.1/../../../arm-none-eabi/lib/thumb/v7e-m+fp/hard/libc_nano.a(libc_a-printf.o)
 .debug_aranges
                0x00000a20       0x20 /usr/lib/gcc/arm-none-eabi/13.2.1/../../../arm-none-eabi/lib/thumb/v7e-m+fp/hard/libc_nano.a(libc_a-nano-vfprintf.o)
 .debug_aranges
                0x00000a40       0x20 /usr/lib/gcc/arm-none-eabi/13.2.1/../../../arm-none-eabi/lib/thumb/v7e-m+fp/hard/libc_nano.a(libc_a-wbuf.o)
 .debug_aranges
                0x00000a60       0x20 /usr/lib/gcc/arm-none-eabi/13.2.1/../../../arm-none-eabi/lib/thumb/v7e-m+fp/hard/libc_nano.a(libc_a-stdio.o)
 .debug_aranges
                0x00000a80       0x20 /usr/lib/gcc/arm-none-eabi/13.2.1/../../../arm-none-eabi/lib/thumb/v7e-m+fp/hard/libc_nano.a(libc_a-msizer.o)
 .debug_aranges
                0x00000aa0       0x20 /usr/lib/gcc/arm-none-eabi/13.2.1/../../../arm-none-eabi/lib/thumb/v7e-m+fp/hard/libc_nano.a(libc_a-fvwrite.o)
 .debug_aranges
                0x00000ac0       0x20 /usr/lib/gcc/arm-none-eabi/13.2.1/../../../arm-none-eabi/lib/thumb/v7e-m+fp/hard/libc_nano.a(libc_a-memmove.o)
 .debug_aranges
                0x00000ae0       0x20 /usr/lib/gcc/arm-none-eabi/13.2.1/../../../arm-none-eabi/lib/thumb/v7e-m+fp/hard/libc_nano.a(libc_a-memchr.o)
 .debug_aranges
                0x00000b00       0x20 /usr/lib/gcc/arm-none-eabi/13.2.1/../../../arm-none-eabi/lib/thumb/v7e-m+fp/hard/libc_nano.a(libc_a-nano-vfprintf_i.o)

.debug_rnglists
                0x00000000      0xbc3
 .debug_rnglists
                0x00000000       0x19 /home/mj/Desktop/IoT-Chat-Digitalization/blinky/bin/nrf52840dk/application_blinky/main.o
 .debug_rnglists
                0x00000019       0x22 /home/mj/Desktop/IoT-Chat-Digitalization/blinky/bin/nrf52840dk/auto_init/auto_init.o
 .debug_rnglists
                0x0000003b       0x19 /home/mj/Desktop/IoT-Chat-Digitalization/blinky/bin/nrf52840dk/board_common_init/board_common.o
 .debug_rnglists
                0x00000054       0x49 /home/mj/Desktop/IoT-Chat-Digitalization/blinky/bin/nrf52840dk/core_lib/assert.o
 .debug_rnglists
                0x0000009d       0x49 /home/mj/Desktop/IoT-Chat-Digitalization/blinky/bin/nrf52840dk/core_lib/init.o
 .debug_rnglists
                0x000000e6       0x25 /home/mj/Desktop/IoT-Chat-Digitalization/blinky/bin/nrf52840dk/core_lib/panic.o
 .debug_rnglists
                0x0000010b       0xe1 /home/mj/Desktop/IoT-Chat-Digitalization/blinky/bin/nrf52840dk/core/sched.o
 .debug_rnglists
                0x000001ec       0xe9 /home/mj/Desktop/IoT-Chat-Digitalization/blinky/bin/nrf52840dk/core/thread.o
 .debug_rnglists
                0x000002d5       0x5e /home/mj/Desktop/IoT-Chat-Digitalization/blinky/bin/nrf52840dk/cortexm_common/cortexm_init.o
 .debug_rnglists
                0x00000333       0x2b /home/mj/Desktop/IoT-Chat-Digitalization/blinky/bin/nrf52840dk/cortexm_common/mpu.o
 .debug_rnglists
                0x0000035e       0x31 /home/mj/Desktop/IoT-Chat-Digitalization/blinky/bin/nrf52840dk/cortexm_common/panic.o
 .debug_rnglists
                0x0000038f       0x70 /home/mj/Desktop/IoT-Chat-Digitalization/blinky/bin/nrf52840dk/cortexm_common/thread_arch.o
 .debug_rnglists
                0x000003ff       0x7d /home/mj/Desktop/IoT-Chat-Digitalization/blinky/bin/nrf52840dk/cortexm_common/vectors_cortexm.o
 .debug_rnglists
                0x0000047c       0x31 /home/mj/Desktop/IoT-Chat-Digitalization/blinky/bin/nrf52840dk/cpu_common/clock.o
 .debug_rnglists
                0x000004ad       0x1f /home/mj/Desktop/IoT-Chat-Digitalization/blinky/bin/nrf52840dk/cpu/cpu.o
 .debug_rnglists
                0x000004cc       0x7f /home/mj/Desktop/IoT-Chat-Digitalization/blinky/bin/nrf52840dk/cpu/spi_twi_irq.o
 .debug_rnglists
                0x0000054b       0xb2 /home/mj/Desktop/IoT-Chat-Digitalization/blinky/bin/nrf52840dk/newlib_syscalls_default/syscalls.o
 .debug_rnglists
                0x000005fd       0x19 /home/mj/Desktop/IoT-Chat-Digitalization/blinky/bin/nrf52840dk/nrf52_vectors/vectors_nrf52840xxaa.o
 .debug_rnglists
                0x00000616       0x9d /home/mj/Desktop/IoT-Chat-Digitalization/blinky/bin/nrf52840dk/nrf5x_common_periph/gpio.o
 .debug_rnglists
                0x000006b3       0x19 /home/mj/Desktop/IoT-Chat-Digitalization/blinky/bin/nrf52840dk/nrf5x_common_periph/pm.o
 .debug_rnglists
                0x000006cc       0xba /home/mj/Desktop/IoT-Chat-Digitalization/blinky/bin/nrf52840dk/nrf5x_common_periph/timer.o
 .debug_rnglists
                0x00000786       0x78 /home/mj/Desktop/IoT-Chat-Digitalization/blinky/bin/nrf52840dk/nrf5x_common_periph/uart.o
 .debug_rnglists
                0x000007fe       0x19 /home/mj/Desktop/IoT-Chat-Digitalization/blinky/bin/nrf52840dk/periph_common/init_leds.o
 .debug_rnglists
                0x00000817       0x19 /home/mj/Desktop/IoT-Chat-Digitalization/blinky/bin/nrf52840dk/periph_common/init.o
 .debug_rnglists
                0x00000830       0x19 /home/mj/Desktop/IoT-Chat-Digitalization/blinky/bin/nrf52840dk/stdio/stdio.o
 .debug_rnglists
                0x00000849       0x34 /home/mj/Desktop/IoT-Chat-Digitalization/blinky/bin/nrf52840dk/stdio_uart/stdio_uart.o
 .debug_rnglists
                0x0000087d       0xc2 /home/mj/Desktop/IoT-Chat-Digitalization/blinky/bin/nrf52840dk/ztimer_core/core.o
 .debug_rnglists
                0x0000093f       0x19 /home/mj/Desktop/IoT-Chat-Digitalization/blinky/bin/nrf52840dk/ztimer_core/init.o
 .debug_rnglists
                0x00000958       0x3d /home/mj/Desktop/IoT-Chat-Digitalization/blinky/bin/nrf52840dk/ztimer_core/periph_timer.o
 .debug_rnglists
                0x00000995       0x30 /usr/lib/gcc/arm-none-eabi/13.2.1/../../../arm-none-eabi/lib/thumb/v7e-m+fp/hard/libc_nano.a(libc_a-puts.o)
 .debug_rnglists
                0x000009c5       0x77 /usr/lib/gcc/arm-none-eabi/13.2.1/../../../arm-none-eabi/lib/thumb/v7e-m+fp/hard/libc_nano.a(libc_a-findfp.o)
 .debug_rnglists
                0x00000a3c       0x59 /usr/lib/gcc/arm-none-eabi/13.2.1/../../../arm-none-eabi/lib/thumb/v7e-m+fp/hard/libc_nano.a(libc_a-fflush.o)
 .debug_rnglists
                0x00000a95       0x1e /usr/lib/gcc/arm-none-eabi/13.2.1/../../../arm-none-eabi/lib/thumb/v7e-m+fp/hard/libc_nano.a(libc_a-mallocr.o)
 .debug_rnglists
                0x00000ab3       0x13 /usr/lib/gcc/arm-none-eabi/13.2.1/../../../arm-none-eabi/lib/thumb/v7e-m+fp/hard/libc_nano.a(libc_a-freer.o)
 .debug_rnglists
                0x00000ac6       0x1b /usr/lib/gcc/arm-none-eabi/13.2.1/../../../arm-none-eabi/lib/thumb/v7e-m+fp/hard/libc_nano.a(libc_a-wsetup.o)
 .debug_rnglists
                0x00000ae1       0x1d /usr/lib/gcc/arm-none-eabi/13.2.1/../../../arm-none-eabi/lib/thumb/v7e-m+fp/hard/libc_nano.a(libc_a-makebuf.o)
 .debug_rnglists
                0x00000afe       0x1c /usr/lib/gcc/arm-none-eabi/13.2.1/../../../arm-none-eabi/lib/thumb/v7e-m+fp/hard/libc_nano.a(libc_a-nano-vfprintf.o)
 .debug_rnglists
                0x00000b1a       0x18 /usr/lib/gcc/arm-none-eabi/13.2.1/../../../arm-none-eabi/lib/thumb/v7e-m+fp/hard/libc_nano.a(libc_a-wbuf.o)
 .debug_rnglists
                0x00000b32       0x2b /usr/lib/gcc/arm-none-eabi/13.2.1/../../../arm-none-eabi/lib/thumb/v7e-m+fp/hard/libc_nano.a(libc_a-fvwrite.o)
 .debug_rnglists
                0x00000b5d       0x66 /usr/lib/gcc/arm-none-eabi/13.2.1/../../../arm-none-eabi/lib/thumb/v7e-m+fp/hard/libc_nano.a(libc_a-nano-vfprintf_i.o)

.debug_macro    0x00000000    0x40f53
 .debug_macro   0x00000000      0x3b6 /home/mj/Desktop/IoT-Chat-Digitalization/blinky/bin/nrf52840dk/application_blinky/main.o
 .debug_macro   0x000003b6      0xb1a /home/mj/Desktop/IoT-Chat-Digitalization/blinky/bin/nrf52840dk/application_blinky/main.o
 .debug_macro   0x00000ed0      0x20e /home/mj/Desktop/IoT-Chat-Digitalization/blinky/bin/nrf52840dk/application_blinky/main.o
 .debug_macro   0x000010de       0x22 /home/mj/Desktop/IoT-Chat-Digitalization/blinky/bin/nrf52840dk/application_blinky/main.o
 .debug_macro   0x00001100       0x54 /home/mj/Desktop/IoT-Chat-Digitalization/blinky/bin/nrf52840dk/application_blinky/main.o
 .debug_macro   0x00001154       0x2a /home/mj/Desktop/IoT-Chat-Digitalization/blinky/bin/nrf52840dk/application_blinky/main.o
 .debug_macro   0x0000117e       0x5c /home/mj/Desktop/IoT-Chat-Digitalization/blinky/bin/nrf52840dk/application_blinky/main.o
 .debug_macro   0x000011da       0x43 /home/mj/Desktop/IoT-Chat-Digitalization/blinky/bin/nrf52840dk/application_blinky/main.o
 .debug_macro   0x0000121d       0x34 /home/mj/Desktop/IoT-Chat-Digitalization/blinky/bin/nrf52840dk/application_blinky/main.o
 .debug_macro   0x00001251       0x16 /home/mj/Desktop/IoT-Chat-Digitalization/blinky/bin/nrf52840dk/application_blinky/main.o
 .debug_macro   0x00001267       0x57 /home/mj/Desktop/IoT-Chat-Digitalization/blinky/bin/nrf52840dk/application_blinky/main.o
 .debug_macro   0x000012be       0x9e /home/mj/Desktop/IoT-Chat-Digitalization/blinky/bin/nrf52840dk/application_blinky/main.o
 .debug_macro   0x0000135c      0x370 /home/mj/Desktop/IoT-Chat-Digitalization/blinky/bin/nrf52840dk/application_blinky/main.o
 .debug_macro   0x000016cc      0x112 /home/mj/Desktop/IoT-Chat-Digitalization/blinky/bin/nrf52840dk/application_blinky/main.o
 .debug_macro   0x000017de       0x10 /home/mj/Desktop/IoT-Chat-Digitalization/blinky/bin/nrf52840dk/application_blinky/main.o
 .debug_macro   0x000017ee       0x16 /home/mj/Desktop/IoT-Chat-Digitalization/blinky/bin/nrf52840dk/application_blinky/main.o
 .debug_macro   0x00001804       0x4a /home/mj/Desktop/IoT-Chat-Digitalization/blinky/bin/nrf52840dk/application_blinky/main.o
 .debug_macro   0x0000184e       0x34 /home/mj/Desktop/IoT-Chat-Digitalization/blinky/bin/nrf52840dk/application_blinky/main.o
 .debug_macro   0x00001882       0x10 /home/mj/Desktop/IoT-Chat-Digitalization/blinky/bin/nrf52840dk/application_blinky/main.o
 .debug_macro   0x00001892       0x52 /home/mj/Desktop/IoT-Chat-Digitalization/blinky/bin/nrf52840dk/application_blinky/main.o
 .debug_macro   0x000018e4       0x8e /home/mj/Desktop/IoT-Chat-Digitalization/blinky/bin/nrf52840dk/application_blinky/main.o
 .debug_macro   0x00001972      0x34e /home/mj/Desktop/IoT-Chat-Digitalization/blinky/bin/nrf52840dk/application_blinky/main.o
 .debug_macro   0x00001cc0       0x25 /home/mj/Desktop/IoT-Chat-Digitalization/blinky/bin/nrf52840dk/application_blinky/main.o
 .debug_macro   0x00001ce5      0x177 /home/mj/Desktop/IoT-Chat-Digitalization/blinky/bin/nrf52840dk/application_blinky/main.o
 .debug_macro   0x00001e5c       0x16 /home/mj/Desktop/IoT-Chat-Digitalization/blinky/bin/nrf52840dk/application_blinky/main.o
 .debug_macro   0x00001e72       0x16 /home/mj/Desktop/IoT-Chat-Digitalization/blinky/bin/nrf52840dk/application_blinky/main.o
 .debug_macro   0x00001e88      0x115 /home/mj/Desktop/IoT-Chat-Digitalization/blinky/bin/nrf52840dk/application_blinky/main.o
 .debug_macro   0x00001f9d       0x2e /home/mj/Desktop/IoT-Chat-Digitalization/blinky/bin/nrf52840dk/application_blinky/main.o
 .debug_macro   0x00001fcb       0x10 /home/mj/Desktop/IoT-Chat-Digitalization/blinky/bin/nrf52840dk/application_blinky/main.o
 .debug_macro   0x00001fdb       0x50 /home/mj/Desktop/IoT-Chat-Digitalization/blinky/bin/nrf52840dk/application_blinky/main.o
 .debug_macro   0x0000202b       0x16 /home/mj/Desktop/IoT-Chat-Digitalization/blinky/bin/nrf52840dk/application_blinky/main.o
 .debug_macro   0x00002041       0x22 /home/mj/Desktop/IoT-Chat-Digitalization/blinky/bin/nrf52840dk/application_blinky/main.o
 .debug_macro   0x00002063       0x49 /home/mj/Desktop/IoT-Chat-Digitalization/blinky/bin/nrf52840dk/application_blinky/main.o
 .debug_macro   0x000020ac       0x3b /home/mj/Desktop/IoT-Chat-Digitalization/blinky/bin/nrf52840dk/application_blinky/main.o
 .debug_macro   0x000020e7       0x1c /home/mj/Desktop/IoT-Chat-Digitalization/blinky/bin/nrf52840dk/application_blinky/main.o
 .debug_macro   0x00002103       0x22 /home/mj/Desktop/IoT-Chat-Digitalization/blinky/bin/nrf52840dk/application_blinky/main.o
 .debug_macro   0x00002125       0xfb /home/mj/Desktop/IoT-Chat-Digitalization/blinky/bin/nrf52840dk/application_blinky/main.o
 .debug_macro   0x00002220     0x1011 /home/mj/Desktop/IoT-Chat-Digitalization/blinky/bin/nrf52840dk/application_blinky/main.o
 .debug_macro   0x00003231      0x11f /home/mj/Desktop/IoT-Chat-Digitalization/blinky/bin/nrf52840dk/application_blinky/main.o
 .debug_macro   0x00003350      0x402 /home/mj/Desktop/IoT-Chat-Digitalization/blinky/bin/nrf52840dk/application_blinky/main.o
 .debug_macro   0x00003752    0x10c7c /home/mj/Desktop/IoT-Chat-Digitalization/blinky/bin/nrf52840dk/application_blinky/main.o
 .debug_macro   0x000143ce      0x45c /home/mj/Desktop/IoT-Chat-Digitalization/blinky/bin/nrf52840dk/application_blinky/main.o
 .debug_macro   0x0001482a       0x53 /home/mj/Desktop/IoT-Chat-Digitalization/blinky/bin/nrf52840dk/application_blinky/main.o
 .debug_macro   0x0001487d       0x10 /home/mj/Desktop/IoT-Chat-Digitalization/blinky/bin/nrf52840dk/application_blinky/main.o
 .debug_macro   0x0001488d      0x103 /home/mj/Desktop/IoT-Chat-Digitalization/blinky/bin/nrf52840dk/application_blinky/main.o
 .debug_macro   0x00014990       0x3c /home/mj/Desktop/IoT-Chat-Digitalization/blinky/bin/nrf52840dk/application_blinky/main.o
 .debug_macro   0x000149cc      0x379 /home/mj/Desktop/IoT-Chat-Digitalization/blinky/bin/nrf52840dk/application_blinky/main.o
 .debug_macro   0x00014d45       0x3e /home/mj/Desktop/IoT-Chat-Digitalization/blinky/bin/nrf52840dk/application_blinky/main.o
 .debug_macro   0x00014d83       0x42 /home/mj/Desktop/IoT-Chat-Digitalization/blinky/bin/nrf52840dk/application_blinky/main.o
 .debug_macro   0x00014dc5       0x10 /home/mj/Desktop/IoT-Chat-Digitalization/blinky/bin/nrf52840dk/application_blinky/main.o
 .debug_macro   0x00014dd5       0x35 /home/mj/Desktop/IoT-Chat-Digitalization/blinky/bin/nrf52840dk/application_blinky/main.o
 .debug_macro   0x00014e0a       0x16 /home/mj/Desktop/IoT-Chat-Digitalization/blinky/bin/nrf52840dk/application_blinky/main.o
 .debug_macro   0x00014e20      0x127 /home/mj/Desktop/IoT-Chat-Digitalization/blinky/bin/nrf52840dk/application_blinky/main.o
 .debug_macro   0x00014f47       0x1c /home/mj/Desktop/IoT-Chat-Digitalization/blinky/bin/nrf52840dk/application_blinky/main.o
 .debug_macro   0x00014f63       0x16 /home/mj/Desktop/IoT-Chat-Digitalization/blinky/bin/nrf52840dk/application_blinky/main.o
 .debug_macro   0x00014f79       0x10 /home/mj/Desktop/IoT-Chat-Digitalization/blinky/bin/nrf52840dk/application_blinky/main.o
 .debug_macro   0x00014f89       0x2e /home/mj/Desktop/IoT-Chat-Digitalization/blinky/bin/nrf52840dk/application_blinky/main.o
 .debug_macro   0x00014fb7       0x40 /home/mj/Desktop/IoT-Chat-Digitalization/blinky/bin/nrf52840dk/application_blinky/main.o
 .debug_macro   0x00014ff7       0xee /home/mj/Desktop/IoT-Chat-Digitalization/blinky/bin/nrf52840dk/application_blinky/main.o
 .debug_macro   0x000150e5       0x1c /home/mj/Desktop/IoT-Chat-Digitalization/blinky/bin/nrf52840dk/application_blinky/main.o
 .debug_macro   0x00015101       0x70 /home/mj/Desktop/IoT-Chat-Digitalization/blinky/bin/nrf52840dk/application_blinky/main.o
 .debug_macro   0x00015171       0xe8 /home/mj/Desktop/IoT-Chat-Digitalization/blinky/bin/nrf52840dk/application_blinky/main.o
 .debug_macro   0x00015259       0x16 /home/mj/Desktop/IoT-Chat-Digitalization/blinky/bin/nrf52840dk/application_blinky/main.o
 .debug_macro   0x0001526f       0x70 /home/mj/Desktop/IoT-Chat-Digitalization/blinky/bin/nrf52840dk/application_blinky/main.o
 .debug_macro   0x000152df       0x19 /home/mj/Desktop/IoT-Chat-Digitalization/blinky/bin/nrf52840dk/application_blinky/main.o
 .debug_macro   0x000152f8       0x10 /home/mj/Desktop/IoT-Chat-Digitalization/blinky/bin/nrf52840dk/application_blinky/main.o
 .debug_macro   0x00015308       0x12 /home/mj/Desktop/IoT-Chat-Digitalization/blinky/bin/nrf52840dk/application_blinky/main.o
 .debug_macro   0x0001531a      0x30d /home/mj/Desktop/IoT-Chat-Digitalization/blinky/bin/nrf52840dk/auto_init/auto_init.o
 .debug_macro   0x00015627      0xb1a /home/mj/Desktop/IoT-Chat-Digitalization/blinky/bin/nrf52840dk/auto_init/auto_init.o
 .debug_macro   0x00016141       0x2b /home/mj/Desktop/IoT-Chat-Digitalization/blinky/bin/nrf52840dk/auto_init/auto_init.o
 .debug_macro   0x0001616c       0x4b /home/mj/Desktop/IoT-Chat-Digitalization/blinky/bin/nrf52840dk/auto_init/auto_init.o
 .debug_macro   0x000161b7       0x10 /home/mj/Desktop/IoT-Chat-Digitalization/blinky/bin/nrf52840dk/auto_init/auto_init.o
 .debug_macro   0x000161c7    0x11111 /home/mj/Desktop/IoT-Chat-Digitalization/blinky/bin/nrf52840dk/auto_init/auto_init.o
 .debug_macro   0x000272d8       0x16 /home/mj/Desktop/IoT-Chat-Digitalization/blinky/bin/nrf52840dk/auto_init/auto_init.o
 .debug_macro   0x000272ee      0x1ab /home/mj/Desktop/IoT-Chat-Digitalization/blinky/bin/nrf52840dk/auto_init/auto_init.o
 .debug_macro   0x00027499       0x3c /home/mj/Desktop/IoT-Chat-Digitalization/blinky/bin/nrf52840dk/auto_init/auto_init.o
 .debug_macro   0x000274d5       0x23 /home/mj/Desktop/IoT-Chat-Digitalization/blinky/bin/nrf52840dk/auto_init/auto_init.o
 .debug_macro   0x000274f8      0x33f /home/mj/Desktop/IoT-Chat-Digitalization/blinky/bin/nrf52840dk/board_common_init/board_common.o
 .debug_macro   0x00027837      0xb1a /home/mj/Desktop/IoT-Chat-Digitalization/blinky/bin/nrf52840dk/board_common_init/board_common.o
 .debug_macro   0x00028351      0x12d /home/mj/Desktop/IoT-Chat-Digitalization/blinky/bin/nrf52840dk/board_common_init/board_common.o
 .debug_macro   0x0002847e      0x2f6 /home/mj/Desktop/IoT-Chat-Digitalization/blinky/bin/nrf52840dk/core_lib/assert.o
 .debug_macro   0x00028774      0xb1a /home/mj/Desktop/IoT-Chat-Digitalization/blinky/bin/nrf52840dk/core_lib/assert.o
 .debug_macro   0x0002928e       0x35 /home/mj/Desktop/IoT-Chat-Digitalization/blinky/bin/nrf52840dk/core_lib/assert.o
 .debug_macro   0x000292c3      0x400 /home/mj/Desktop/IoT-Chat-Digitalization/blinky/bin/nrf52840dk/core_lib/init.o
 .debug_macro   0x000296c3      0xb1a /home/mj/Desktop/IoT-Chat-Digitalization/blinky/bin/nrf52840dk/core_lib/init.o
 .debug_macro   0x0002a1dd       0x10 /home/mj/Desktop/IoT-Chat-Digitalization/blinky/bin/nrf52840dk/core_lib/init.o
 .debug_macro   0x0002a1ed      0x23c /home/mj/Desktop/IoT-Chat-Digitalization/blinky/bin/nrf52840dk/core_lib/init.o
 .debug_macro   0x0002a429       0x2e /home/mj/Desktop/IoT-Chat-Digitalization/blinky/bin/nrf52840dk/core_lib/init.o
 .debug_macro   0x0002a457       0x16 /home/mj/Desktop/IoT-Chat-Digitalization/blinky/bin/nrf52840dk/core_lib/init.o
 .debug_macro   0x0002a46d       0x10 /home/mj/Desktop/IoT-Chat-Digitalization/blinky/bin/nrf52840dk/core_lib/init.o
 .debug_macro   0x0002a47d       0x6a /home/mj/Desktop/IoT-Chat-Digitalization/blinky/bin/nrf52840dk/core_lib/init.o